Archive member included because of file (symbol)

/home/peter/gcc-arm-none-eabi-4_9-2015q2/bin/../lib/gcc/arm-none-eabi/4.9.3/../../../../arm-none-eabi/lib/armv7e-m/libc_nano.a(lib_a-exit.o)
                              /home/peter/gcc-arm-none-eabi-4_9-2015q2/bin/../lib/gcc/arm-none-eabi/4.9.3/../../../../arm-none-eabi/lib/armv7e-m/crt0.o (exit)
/home/peter/gcc-arm-none-eabi-4_9-2015q2/bin/../lib/gcc/arm-none-eabi/4.9.3/../../../../arm-none-eabi/lib/armv7e-m/libc_nano.a(lib_a-impure.o)
                              /home/peter/gcc-arm-none-eabi-4_9-2015q2/bin/../lib/gcc/arm-none-eabi/4.9.3/../../../../arm-none-eabi/lib/armv7e-m/libc_nano.a(lib_a-exit.o) (_global_impure_ptr)
/home/peter/gcc-arm-none-eabi-4_9-2015q2/bin/../lib/gcc/arm-none-eabi/4.9.3/../../../../arm-none-eabi/lib/armv7e-m/libc_nano.a(lib_a-init.o)
                              /home/peter/gcc-arm-none-eabi-4_9-2015q2/bin/../lib/gcc/arm-none-eabi/4.9.3/../../../../arm-none-eabi/lib/armv7e-m/crt0.o (__libc_init_array)
/home/peter/gcc-arm-none-eabi-4_9-2015q2/bin/../lib/gcc/arm-none-eabi/4.9.3/../../../../arm-none-eabi/lib/armv7e-m/libc_nano.a(lib_a-memset.o)
                              /home/peter/gcc-arm-none-eabi-4_9-2015q2/bin/../lib/gcc/arm-none-eabi/4.9.3/../../../../arm-none-eabi/lib/armv7e-m/crt0.o (memset)
/home/peter/gcc-arm-none-eabi-4_9-2015q2/bin/../lib/gcc/arm-none-eabi/4.9.3/../../../../arm-none-eabi/lib/armv7e-m/libc_nano.a(lib_a-printf.o)
                              src/main.o (symbol from plugin) (printf)
/home/peter/gcc-arm-none-eabi-4_9-2015q2/bin/../lib/gcc/arm-none-eabi/4.9.3/../../../../arm-none-eabi/lib/armv7e-m/libc_nano.a(lib_a-findfp.o)
                              /home/peter/gcc-arm-none-eabi-4_9-2015q2/bin/../lib/gcc/arm-none-eabi/4.9.3/../../../../arm-none-eabi/lib/armv7e-m/libc_nano.a(lib_a-printf.o) (__sinit)
/home/peter/gcc-arm-none-eabi-4_9-2015q2/bin/../lib/gcc/arm-none-eabi/4.9.3/../../../../arm-none-eabi/lib/armv7e-m/libc_nano.a(lib_a-fwalk.o)
                              /home/peter/gcc-arm-none-eabi-4_9-2015q2/bin/../lib/gcc/arm-none-eabi/4.9.3/../../../../arm-none-eabi/lib/armv7e-m/libc_nano.a(lib_a-findfp.o) (_fwalk)
/home/peter/gcc-arm-none-eabi-4_9-2015q2/bin/../lib/gcc/arm-none-eabi/4.9.3/../../../../arm-none-eabi/lib/armv7e-m/libc_nano.a(lib_a-nano-mallocr.o)
                              /home/peter/gcc-arm-none-eabi-4_9-2015q2/bin/../lib/gcc/arm-none-eabi/4.9.3/../../../../arm-none-eabi/lib/armv7e-m/libc_nano.a(lib_a-findfp.o) (_malloc_r)
/home/peter/gcc-arm-none-eabi-4_9-2015q2/bin/../lib/gcc/arm-none-eabi/4.9.3/../../../../arm-none-eabi/lib/armv7e-m/libc_nano.a(lib_a-nano-vfprintf.o)
                              /home/peter/gcc-arm-none-eabi-4_9-2015q2/bin/../lib/gcc/arm-none-eabi/4.9.3/../../../../arm-none-eabi/lib/armv7e-m/libc_nano.a(lib_a-printf.o) (_vfprintf_r)
/home/peter/gcc-arm-none-eabi-4_9-2015q2/bin/../lib/gcc/arm-none-eabi/4.9.3/../../../../arm-none-eabi/lib/armv7e-m/libc_nano.a(lib_a-nano-vfprintf_i.o)
                              /home/peter/gcc-arm-none-eabi-4_9-2015q2/bin/../lib/gcc/arm-none-eabi/4.9.3/../../../../arm-none-eabi/lib/armv7e-m/libc_nano.a(lib_a-nano-vfprintf.o) (_printf_i)
/home/peter/gcc-arm-none-eabi-4_9-2015q2/bin/../lib/gcc/arm-none-eabi/4.9.3/../../../../arm-none-eabi/lib/armv7e-m/libc_nano.a(lib_a-sbrkr.o)
                              /home/peter/gcc-arm-none-eabi-4_9-2015q2/bin/../lib/gcc/arm-none-eabi/4.9.3/../../../../arm-none-eabi/lib/armv7e-m/libc_nano.a(lib_a-nano-mallocr.o) (_sbrk_r)
/home/peter/gcc-arm-none-eabi-4_9-2015q2/bin/../lib/gcc/arm-none-eabi/4.9.3/../../../../arm-none-eabi/lib/armv7e-m/libc_nano.a(lib_a-stdio.o)
                              /home/peter/gcc-arm-none-eabi-4_9-2015q2/bin/../lib/gcc/arm-none-eabi/4.9.3/../../../../arm-none-eabi/lib/armv7e-m/libc_nano.a(lib_a-findfp.o) (__sread)
/home/peter/gcc-arm-none-eabi-4_9-2015q2/bin/../lib/gcc/arm-none-eabi/4.9.3/../../../../arm-none-eabi/lib/armv7e-m/libc_nano.a(lib_a-wbuf.o)
                              /home/peter/gcc-arm-none-eabi-4_9-2015q2/bin/../lib/gcc/arm-none-eabi/4.9.3/../../../../arm-none-eabi/lib/armv7e-m/libc_nano.a(lib_a-nano-vfprintf.o) (__swbuf_r)
/home/peter/gcc-arm-none-eabi-4_9-2015q2/bin/../lib/gcc/arm-none-eabi/4.9.3/../../../../arm-none-eabi/lib/armv7e-m/libc_nano.a(lib_a-writer.o)
                              /home/peter/gcc-arm-none-eabi-4_9-2015q2/bin/../lib/gcc/arm-none-eabi/4.9.3/../../../../arm-none-eabi/lib/armv7e-m/libc_nano.a(lib_a-stdio.o) (_write_r)
/home/peter/gcc-arm-none-eabi-4_9-2015q2/bin/../lib/gcc/arm-none-eabi/4.9.3/../../../../arm-none-eabi/lib/armv7e-m/libc_nano.a(lib_a-wsetup.o)
                              /home/peter/gcc-arm-none-eabi-4_9-2015q2/bin/../lib/gcc/arm-none-eabi/4.9.3/../../../../arm-none-eabi/lib/armv7e-m/libc_nano.a(lib_a-nano-vfprintf.o) (__swsetup_r)
/home/peter/gcc-arm-none-eabi-4_9-2015q2/bin/../lib/gcc/arm-none-eabi/4.9.3/../../../../arm-none-eabi/lib/armv7e-m/libc_nano.a(lib_a-closer.o)
                              /home/peter/gcc-arm-none-eabi-4_9-2015q2/bin/../lib/gcc/arm-none-eabi/4.9.3/../../../../arm-none-eabi/lib/armv7e-m/libc_nano.a(lib_a-stdio.o) (_close_r)
/home/peter/gcc-arm-none-eabi-4_9-2015q2/bin/../lib/gcc/arm-none-eabi/4.9.3/../../../../arm-none-eabi/lib/armv7e-m/libc_nano.a(lib_a-fflush.o)
                              /home/peter/gcc-arm-none-eabi-4_9-2015q2/bin/../lib/gcc/arm-none-eabi/4.9.3/../../../../arm-none-eabi/lib/armv7e-m/libc_nano.a(lib_a-findfp.o) (_fflush_r)
/home/peter/gcc-arm-none-eabi-4_9-2015q2/bin/../lib/gcc/arm-none-eabi/4.9.3/../../../../arm-none-eabi/lib/armv7e-m/libc_nano.a(lib_a-fvwrite.o)
                              /home/peter/gcc-arm-none-eabi-4_9-2015q2/bin/../lib/gcc/arm-none-eabi/4.9.3/../../../../arm-none-eabi/lib/armv7e-m/libc_nano.a(lib_a-nano-vfprintf.o) (__sfvwrite_r)
/home/peter/gcc-arm-none-eabi-4_9-2015q2/bin/../lib/gcc/arm-none-eabi/4.9.3/../../../../arm-none-eabi/lib/armv7e-m/libc_nano.a(lib_a-lseekr.o)
                              /home/peter/gcc-arm-none-eabi-4_9-2015q2/bin/../lib/gcc/arm-none-eabi/4.9.3/../../../../arm-none-eabi/lib/armv7e-m/libc_nano.a(lib_a-stdio.o) (_lseek_r)
/home/peter/gcc-arm-none-eabi-4_9-2015q2/bin/../lib/gcc/arm-none-eabi/4.9.3/../../../../arm-none-eabi/lib/armv7e-m/libc_nano.a(lib_a-makebuf.o)
                              /home/peter/gcc-arm-none-eabi-4_9-2015q2/bin/../lib/gcc/arm-none-eabi/4.9.3/../../../../arm-none-eabi/lib/armv7e-m/libc_nano.a(lib_a-wsetup.o) (__smakebuf_r)
/home/peter/gcc-arm-none-eabi-4_9-2015q2/bin/../lib/gcc/arm-none-eabi/4.9.3/../../../../arm-none-eabi/lib/armv7e-m/libc_nano.a(lib_a-memchr.o)
                              /home/peter/gcc-arm-none-eabi-4_9-2015q2/bin/../lib/gcc/arm-none-eabi/4.9.3/../../../../arm-none-eabi/lib/armv7e-m/libc_nano.a(lib_a-nano-vfprintf.o) (memchr)
/home/peter/gcc-arm-none-eabi-4_9-2015q2/bin/../lib/gcc/arm-none-eabi/4.9.3/../../../../arm-none-eabi/lib/armv7e-m/libc_nano.a(lib_a-memcpy.o)
                              /home/peter/gcc-arm-none-eabi-4_9-2015q2/bin/../lib/gcc/arm-none-eabi/4.9.3/../../../../arm-none-eabi/lib/armv7e-m/libc_nano.a(lib_a-fvwrite.o) (memcpy)
/home/peter/gcc-arm-none-eabi-4_9-2015q2/bin/../lib/gcc/arm-none-eabi/4.9.3/../../../../arm-none-eabi/lib/armv7e-m/libc_nano.a(lib_a-memmove.o)
                              /home/peter/gcc-arm-none-eabi-4_9-2015q2/bin/../lib/gcc/arm-none-eabi/4.9.3/../../../../arm-none-eabi/lib/armv7e-m/libc_nano.a(lib_a-fvwrite.o) (memmove)
/home/peter/gcc-arm-none-eabi-4_9-2015q2/bin/../lib/gcc/arm-none-eabi/4.9.3/../../../../arm-none-eabi/lib/armv7e-m/libc_nano.a(lib_a-nano-freer.o)
                              /home/peter/gcc-arm-none-eabi-4_9-2015q2/bin/../lib/gcc/arm-none-eabi/4.9.3/../../../../arm-none-eabi/lib/armv7e-m/libc_nano.a(lib_a-wsetup.o) (_free_r)
/home/peter/gcc-arm-none-eabi-4_9-2015q2/bin/../lib/gcc/arm-none-eabi/4.9.3/../../../../arm-none-eabi/lib/armv7e-m/libc_nano.a(lib_a-nano-reallocr.o)
                              /home/peter/gcc-arm-none-eabi-4_9-2015q2/bin/../lib/gcc/arm-none-eabi/4.9.3/../../../../arm-none-eabi/lib/armv7e-m/libc_nano.a(lib_a-fvwrite.o) (_realloc_r)
/home/peter/gcc-arm-none-eabi-4_9-2015q2/bin/../lib/gcc/arm-none-eabi/4.9.3/../../../../arm-none-eabi/lib/armv7e-m/libc_nano.a(lib_a-readr.o)
                              /home/peter/gcc-arm-none-eabi-4_9-2015q2/bin/../lib/gcc/arm-none-eabi/4.9.3/../../../../arm-none-eabi/lib/armv7e-m/libc_nano.a(lib_a-stdio.o) (_read_r)
/home/peter/gcc-arm-none-eabi-4_9-2015q2/bin/../lib/gcc/arm-none-eabi/4.9.3/../../../../arm-none-eabi/lib/armv7e-m/libc_nano.a(lib_a-reent.o)
                              /home/peter/gcc-arm-none-eabi-4_9-2015q2/bin/../lib/gcc/arm-none-eabi/4.9.3/../../../../arm-none-eabi/lib/armv7e-m/libc_nano.a(lib_a-sbrkr.o) (errno)
/home/peter/gcc-arm-none-eabi-4_9-2015q2/bin/../lib/gcc/arm-none-eabi/4.9.3/../../../../arm-none-eabi/lib/armv7e-m/libc_nano.a(lib_a-fstatr.o)
                              /home/peter/gcc-arm-none-eabi-4_9-2015q2/bin/../lib/gcc/arm-none-eabi/4.9.3/../../../../arm-none-eabi/lib/armv7e-m/libc_nano.a(lib_a-makebuf.o) (_fstat_r)
/home/peter/gcc-arm-none-eabi-4_9-2015q2/bin/../lib/gcc/arm-none-eabi/4.9.3/../../../../arm-none-eabi/lib/armv7e-m/libc_nano.a(lib_a-isattyr.o)
                              /home/peter/gcc-arm-none-eabi-4_9-2015q2/bin/../lib/gcc/arm-none-eabi/4.9.3/../../../../arm-none-eabi/lib/armv7e-m/libc_nano.a(lib_a-makebuf.o) (_isatty_r)
/home/peter/gcc-arm-none-eabi-4_9-2015q2/bin/../lib/gcc/arm-none-eabi/4.9.3/../../../../arm-none-eabi/lib/armv7e-m/libc_nano.a(lib_a-nano-msizer.o)
                              /home/peter/gcc-arm-none-eabi-4_9-2015q2/bin/../lib/gcc/arm-none-eabi/4.9.3/../../../../arm-none-eabi/lib/armv7e-m/libc_nano.a(lib_a-nano-reallocr.o) (_malloc_usable_size_r)
/home/peter/gcc-arm-none-eabi-4_9-2015q2/bin/../lib/gcc/arm-none-eabi/4.9.3/../../../../arm-none-eabi/lib/armv7e-m/libnosys.a(close.o)
                              /home/peter/gcc-arm-none-eabi-4_9-2015q2/bin/../lib/gcc/arm-none-eabi/4.9.3/../../../../arm-none-eabi/lib/armv7e-m/libc_nano.a(lib_a-closer.o) (_close)
/home/peter/gcc-arm-none-eabi-4_9-2015q2/bin/../lib/gcc/arm-none-eabi/4.9.3/../../../../arm-none-eabi/lib/armv7e-m/libnosys.a(fstat.o)
                              /home/peter/gcc-arm-none-eabi-4_9-2015q2/bin/../lib/gcc/arm-none-eabi/4.9.3/../../../../arm-none-eabi/lib/armv7e-m/libc_nano.a(lib_a-fstatr.o) (_fstat)
/home/peter/gcc-arm-none-eabi-4_9-2015q2/bin/../lib/gcc/arm-none-eabi/4.9.3/../../../../arm-none-eabi/lib/armv7e-m/libnosys.a(isatty.o)
                              /home/peter/gcc-arm-none-eabi-4_9-2015q2/bin/../lib/gcc/arm-none-eabi/4.9.3/../../../../arm-none-eabi/lib/armv7e-m/libc_nano.a(lib_a-isattyr.o) (_isatty)
/home/peter/gcc-arm-none-eabi-4_9-2015q2/bin/../lib/gcc/arm-none-eabi/4.9.3/../../../../arm-none-eabi/lib/armv7e-m/libnosys.a(lseek.o)
                              /home/peter/gcc-arm-none-eabi-4_9-2015q2/bin/../lib/gcc/arm-none-eabi/4.9.3/../../../../arm-none-eabi/lib/armv7e-m/libc_nano.a(lib_a-lseekr.o) (_lseek)
/home/peter/gcc-arm-none-eabi-4_9-2015q2/bin/../lib/gcc/arm-none-eabi/4.9.3/../../../../arm-none-eabi/lib/armv7e-m/libnosys.a(read.o)
                              /home/peter/gcc-arm-none-eabi-4_9-2015q2/bin/../lib/gcc/arm-none-eabi/4.9.3/../../../../arm-none-eabi/lib/armv7e-m/libc_nano.a(lib_a-readr.o) (_read)
/home/peter/gcc-arm-none-eabi-4_9-2015q2/bin/../lib/gcc/arm-none-eabi/4.9.3/../../../../arm-none-eabi/lib/armv7e-m/libnosys.a(sbrk.o)
                              /home/peter/gcc-arm-none-eabi-4_9-2015q2/bin/../lib/gcc/arm-none-eabi/4.9.3/../../../../arm-none-eabi/lib/armv7e-m/libc_nano.a(lib_a-sbrkr.o) (_sbrk)
/home/peter/gcc-arm-none-eabi-4_9-2015q2/bin/../lib/gcc/arm-none-eabi/4.9.3/../../../../arm-none-eabi/lib/armv7e-m/libnosys.a(_exit.o)
                              /home/peter/gcc-arm-none-eabi-4_9-2015q2/bin/../lib/gcc/arm-none-eabi/4.9.3/../../../../arm-none-eabi/lib/armv7e-m/libc_nano.a(lib_a-exit.o) (_exit)

Allocating common symbols
Common symbol       size              file

errno               0x4               /home/peter/gcc-arm-none-eabi-4_9-2015q2/bin/../lib/gcc/arm-none-eabi/4.9.3/../../../../arm-none-eabi/lib/armv7e-m/libc_nano.a(lib_a-reent.o)
UartHandle          0x40              src/main.o (symbol from plugin)

Discarded input sections

 .text          0x00000000        0x0 /home/peter/gcc-arm-none-eabi-4_9-2015q2/bin/../lib/gcc/arm-none-eabi/4.9.3/armv7e-m/crti.o
 .data          0x00000000        0x0 /home/peter/gcc-arm-none-eabi-4_9-2015q2/bin/../lib/gcc/arm-none-eabi/4.9.3/armv7e-m/crti.o
 .bss           0x00000000        0x0 /home/peter/gcc-arm-none-eabi-4_9-2015q2/bin/../lib/gcc/arm-none-eabi/4.9.3/armv7e-m/crti.o
 .data          0x00000000        0x4 /home/peter/gcc-arm-none-eabi-4_9-2015q2/bin/../lib/gcc/arm-none-eabi/4.9.3/armv7e-m/crtbegin.o
 .text          0x00000000       0x74 /home/peter/gcc-arm-none-eabi-4_9-2015q2/bin/../lib/gcc/arm-none-eabi/4.9.3/../../../../arm-none-eabi/lib/armv7e-m/crt0.o
 .data          0x00000000        0x0 /home/peter/gcc-arm-none-eabi-4_9-2015q2/bin/../lib/gcc/arm-none-eabi/4.9.3/../../../../arm-none-eabi/lib/armv7e-m/crt0.o
 .bss           0x00000000        0x0 /home/peter/gcc-arm-none-eabi-4_9-2015q2/bin/../lib/gcc/arm-none-eabi/4.9.3/../../../../arm-none-eabi/lib/armv7e-m/crt0.o
 .ARM.extab     0x00000000        0x0 /home/peter/gcc-arm-none-eabi-4_9-2015q2/bin/../lib/gcc/arm-none-eabi/4.9.3/../../../../arm-none-eabi/lib/armv7e-m/crt0.o
 .ARM.exidx     0x00000000        0x8 /home/peter/gcc-arm-none-eabi-4_9-2015q2/bin/../lib/gcc/arm-none-eabi/4.9.3/../../../../arm-none-eabi/lib/armv7e-m/crt0.o
 .ARM.attributes
                0x00000000       0x1c /home/peter/gcc-arm-none-eabi-4_9-2015q2/bin/../lib/gcc/arm-none-eabi/4.9.3/../../../../arm-none-eabi/lib/armv7e-m/crt0.o
 .text          0x00000000       0x14 ../mbed/libraries/mbed/targets/cmsis/TARGET_STM/TARGET_STM32F4/TARGET_NUCLEO_F411RE/TOOLCHAIN_GCC_ARM/startup_stm32f411xe.o
 .data          0x00000000        0x0 ../mbed/libraries/mbed/targets/cmsis/TARGET_STM/TARGET_STM32F4/TARGET_NUCLEO_F411RE/TOOLCHAIN_GCC_ARM/startup_stm32f411xe.o
 .bss           0x00000000        0x0 ../mbed/libraries/mbed/targets/cmsis/TARGET_STM/TARGET_STM32F4/TARGET_NUCLEO_F411RE/TOOLCHAIN_GCC_ARM/startup_stm32f411xe.o
 .text          0x00000000        0x0 src/main.o (symbol from plugin)
 .data          0x00000000        0x0 /tmp/ccn7MRWj.ltrans0.ltrans.o
 .text          0x00000000        0x0 src/stm32f4xx_it.o (symbol from plugin)
 .text          0x00000000        0x0 src/syscalls.o (symbol from plugin)
 .text          0x00000000        0x0 src/stm32f4xx_hal_msp.o (symbol from plugin)
 .text          0x00000000        0x0 ../mbed/libraries/mbed/targets/cmsis/TARGET_STM/TARGET_STM32F4/stm32f4xx_hal_uart.o (symbol from plugin)
 .text          0x00000000        0x0 ../mbed/libraries/mbed/targets/cmsis/TARGET_STM/TARGET_STM32F4/stm32f4xx_hal_gpio.o (symbol from plugin)
 .text          0x00000000        0x0 ../mbed/libraries/mbed/targets/cmsis/TARGET_STM/TARGET_STM32F4/TARGET_NUCLEO_F411RE/system_stm32f4xx.o (symbol from plugin)
 .text          0x00000000        0x0 ../mbed/libraries/mbed/targets/cmsis/TARGET_STM/TARGET_STM32F4/stm32f4xx_hal.o (symbol from plugin)
 .text          0x00000000        0x0 ../mbed/libraries/mbed/targets/cmsis/TARGET_STM/TARGET_STM32F4/stm32f4xx_hal_rcc.o (symbol from plugin)
 .text          0x00000000        0x0 ../mbed/libraries/mbed/targets/cmsis/TARGET_STM/TARGET_STM32F4/stm32f4xx_hal_cortex.o (symbol from plugin)
 .text          0x00000000        0x0 /home/peter/gcc-arm-none-eabi-4_9-2015q2/bin/../lib/gcc/arm-none-eabi/4.9.3/../../../../arm-none-eabi/lib/armv7e-m/libc_nano.a(lib_a-exit.o)
 .data          0x00000000        0x0 /home/peter/gcc-arm-none-eabi-4_9-2015q2/bin/../lib/gcc/arm-none-eabi/4.9.3/../../../../arm-none-eabi/lib/armv7e-m/libc_nano.a(lib_a-exit.o)
 .bss           0x00000000        0x0 /home/peter/gcc-arm-none-eabi-4_9-2015q2/bin/../lib/gcc/arm-none-eabi/4.9.3/../../../../arm-none-eabi/lib/armv7e-m/libc_nano.a(lib_a-exit.o)
 .text.exit     0x00000000       0x28 /home/peter/gcc-arm-none-eabi-4_9-2015q2/bin/../lib/gcc/arm-none-eabi/4.9.3/../../../../arm-none-eabi/lib/armv7e-m/libc_nano.a(lib_a-exit.o)
 .debug_frame   0x00000000       0x28 /home/peter/gcc-arm-none-eabi-4_9-2015q2/bin/../lib/gcc/arm-none-eabi/4.9.3/../../../../arm-none-eabi/lib/armv7e-m/libc_nano.a(lib_a-exit.o)
 .ARM.attributes
                0x00000000       0x2e /home/peter/gcc-arm-none-eabi-4_9-2015q2/bin/../lib/gcc/arm-none-eabi/4.9.3/../../../../arm-none-eabi/lib/armv7e-m/libc_nano.a(lib_a-exit.o)
 .text          0x00000000        0x0 /home/peter/gcc-arm-none-eabi-4_9-2015q2/bin/../lib/gcc/arm-none-eabi/4.9.3/../../../../arm-none-eabi/lib/armv7e-m/libc_nano.a(lib_a-impure.o)
 .data          0x00000000        0x0 /home/peter/gcc-arm-none-eabi-4_9-2015q2/bin/../lib/gcc/arm-none-eabi/4.9.3/../../../../arm-none-eabi/lib/armv7e-m/libc_nano.a(lib_a-impure.o)
 .bss           0x00000000        0x0 /home/peter/gcc-arm-none-eabi-4_9-2015q2/bin/../lib/gcc/arm-none-eabi/4.9.3/../../../../arm-none-eabi/lib/armv7e-m/libc_nano.a(lib_a-impure.o)
 .text          0x00000000        0x0 /home/peter/gcc-arm-none-eabi-4_9-2015q2/bin/../lib/gcc/arm-none-eabi/4.9.3/../../../../arm-none-eabi/lib/armv7e-m/libc_nano.a(lib_a-init.o)
 .data          0x00000000        0x0 /home/peter/gcc-arm-none-eabi-4_9-2015q2/bin/../lib/gcc/arm-none-eabi/4.9.3/../../../../arm-none-eabi/lib/armv7e-m/libc_nano.a(lib_a-init.o)
 .bss           0x00000000        0x0 /home/peter/gcc-arm-none-eabi-4_9-2015q2/bin/../lib/gcc/arm-none-eabi/4.9.3/../../../../arm-none-eabi/lib/armv7e-m/libc_nano.a(lib_a-init.o)
 .text.__libc_init_array
                0x00000000       0x4c /home/peter/gcc-arm-none-eabi-4_9-2015q2/bin/../lib/gcc/arm-none-eabi/4.9.3/../../../../arm-none-eabi/lib/armv7e-m/libc_nano.a(lib_a-init.o)
 .debug_frame   0x00000000       0x2c /home/peter/gcc-arm-none-eabi-4_9-2015q2/bin/../lib/gcc/arm-none-eabi/4.9.3/../../../../arm-none-eabi/lib/armv7e-m/libc_nano.a(lib_a-init.o)
 .ARM.attributes
                0x00000000       0x2e /home/peter/gcc-arm-none-eabi-4_9-2015q2/bin/../lib/gcc/arm-none-eabi/4.9.3/../../../../arm-none-eabi/lib/armv7e-m/libc_nano.a(lib_a-init.o)
 .text          0x00000000        0x0 /home/peter/gcc-arm-none-eabi-4_9-2015q2/bin/../lib/gcc/arm-none-eabi/4.9.3/../../../../arm-none-eabi/lib/armv7e-m/libc_nano.a(lib_a-memset.o)
 .data          0x00000000        0x0 /home/peter/gcc-arm-none-eabi-4_9-2015q2/bin/../lib/gcc/arm-none-eabi/4.9.3/../../../../arm-none-eabi/lib/armv7e-m/libc_nano.a(lib_a-memset.o)
 .bss           0x00000000        0x0 /home/peter/gcc-arm-none-eabi-4_9-2015q2/bin/../lib/gcc/arm-none-eabi/4.9.3/../../../../arm-none-eabi/lib/armv7e-m/libc_nano.a(lib_a-memset.o)
 .text          0x00000000        0x0 /home/peter/gcc-arm-none-eabi-4_9-2015q2/bin/../lib/gcc/arm-none-eabi/4.9.3/../../../../arm-none-eabi/lib/armv7e-m/libc_nano.a(lib_a-printf.o)
 .data          0x00000000        0x0 /home/peter/gcc-arm-none-eabi-4_9-2015q2/bin/../lib/gcc/arm-none-eabi/4.9.3/../../../../arm-none-eabi/lib/armv7e-m/libc_nano.a(lib_a-printf.o)
 .bss           0x00000000        0x0 /home/peter/gcc-arm-none-eabi-4_9-2015q2/bin/../lib/gcc/arm-none-eabi/4.9.3/../../../../arm-none-eabi/lib/armv7e-m/libc_nano.a(lib_a-printf.o)
 .text._printf_r
                0x00000000       0x28 /home/peter/gcc-arm-none-eabi-4_9-2015q2/bin/../lib/gcc/arm-none-eabi/4.9.3/../../../../arm-none-eabi/lib/armv7e-m/libc_nano.a(lib_a-printf.o)
 .text          0x00000000        0x0 /home/peter/gcc-arm-none-eabi-4_9-2015q2/bin/../lib/gcc/arm-none-eabi/4.9.3/../../../../arm-none-eabi/lib/armv7e-m/libc_nano.a(lib_a-findfp.o)
 .data          0x00000000        0x0 /home/peter/gcc-arm-none-eabi-4_9-2015q2/bin/../lib/gcc/arm-none-eabi/4.9.3/../../../../arm-none-eabi/lib/armv7e-m/libc_nano.a(lib_a-findfp.o)
 .bss           0x00000000        0x0 /home/peter/gcc-arm-none-eabi-4_9-2015q2/bin/../lib/gcc/arm-none-eabi/4.9.3/../../../../arm-none-eabi/lib/armv7e-m/libc_nano.a(lib_a-findfp.o)
 .text.__fp_lock
                0x00000000        0x4 /home/peter/gcc-arm-none-eabi-4_9-2015q2/bin/../lib/gcc/arm-none-eabi/4.9.3/../../../../arm-none-eabi/lib/armv7e-m/libc_nano.a(lib_a-findfp.o)
 .text.__fp_unlock
                0x00000000        0x4 /home/peter/gcc-arm-none-eabi-4_9-2015q2/bin/../lib/gcc/arm-none-eabi/4.9.3/../../../../arm-none-eabi/lib/armv7e-m/libc_nano.a(lib_a-findfp.o)
 .text._cleanup
                0x00000000        0xc /home/peter/gcc-arm-none-eabi-4_9-2015q2/bin/../lib/gcc/arm-none-eabi/4.9.3/../../../../arm-none-eabi/lib/armv7e-m/libc_nano.a(lib_a-findfp.o)
 .text.__sfp_lock_acquire
                0x00000000        0x2 /home/peter/gcc-arm-none-eabi-4_9-2015q2/bin/../lib/gcc/arm-none-eabi/4.9.3/../../../../arm-none-eabi/lib/armv7e-m/libc_nano.a(lib_a-findfp.o)
 .text.__sfp_lock_release
                0x00000000        0x2 /home/peter/gcc-arm-none-eabi-4_9-2015q2/bin/../lib/gcc/arm-none-eabi/4.9.3/../../../../arm-none-eabi/lib/armv7e-m/libc_nano.a(lib_a-findfp.o)
 .text.__sinit_lock_acquire
                0x00000000        0x2 /home/peter/gcc-arm-none-eabi-4_9-2015q2/bin/../lib/gcc/arm-none-eabi/4.9.3/../../../../arm-none-eabi/lib/armv7e-m/libc_nano.a(lib_a-findfp.o)
 .text.__sinit_lock_release
                0x00000000        0x2 /home/peter/gcc-arm-none-eabi-4_9-2015q2/bin/../lib/gcc/arm-none-eabi/4.9.3/../../../../arm-none-eabi/lib/armv7e-m/libc_nano.a(lib_a-findfp.o)
 .text.__fp_lock_all
                0x00000000       0x14 /home/peter/gcc-arm-none-eabi-4_9-2015q2/bin/../lib/gcc/arm-none-eabi/4.9.3/../../../../arm-none-eabi/lib/armv7e-m/libc_nano.a(lib_a-findfp.o)
 .text.__fp_unlock_all
                0x00000000       0x14 /home/peter/gcc-arm-none-eabi-4_9-2015q2/bin/../lib/gcc/arm-none-eabi/4.9.3/../../../../arm-none-eabi/lib/armv7e-m/libc_nano.a(lib_a-findfp.o)
 .text          0x00000000        0x0 /home/peter/gcc-arm-none-eabi-4_9-2015q2/bin/../lib/gcc/arm-none-eabi/4.9.3/../../../../arm-none-eabi/lib/armv7e-m/libc_nano.a(lib_a-fwalk.o)
 .data          0x00000000        0x0 /home/peter/gcc-arm-none-eabi-4_9-2015q2/bin/../lib/gcc/arm-none-eabi/4.9.3/../../../../arm-none-eabi/lib/armv7e-m/libc_nano.a(lib_a-fwalk.o)
 .bss           0x00000000        0x0 /home/peter/gcc-arm-none-eabi-4_9-2015q2/bin/../lib/gcc/arm-none-eabi/4.9.3/../../../../arm-none-eabi/lib/armv7e-m/libc_nano.a(lib_a-fwalk.o)
 .text._fwalk   0x00000000       0x38 /home/peter/gcc-arm-none-eabi-4_9-2015q2/bin/../lib/gcc/arm-none-eabi/4.9.3/../../../../arm-none-eabi/lib/armv7e-m/libc_nano.a(lib_a-fwalk.o)
 .text          0x00000000        0x0 /home/peter/gcc-arm-none-eabi-4_9-2015q2/bin/../lib/gcc/arm-none-eabi/4.9.3/../../../../arm-none-eabi/lib/armv7e-m/libc_nano.a(lib_a-nano-mallocr.o)
 .data          0x00000000        0x0 /home/peter/gcc-arm-none-eabi-4_9-2015q2/bin/../lib/gcc/arm-none-eabi/4.9.3/../../../../arm-none-eabi/lib/armv7e-m/libc_nano.a(lib_a-nano-mallocr.o)
 .bss           0x00000000        0x0 /home/peter/gcc-arm-none-eabi-4_9-2015q2/bin/../lib/gcc/arm-none-eabi/4.9.3/../../../../arm-none-eabi/lib/armv7e-m/libc_nano.a(lib_a-nano-mallocr.o)
 .text          0x00000000        0x0 /home/peter/gcc-arm-none-eabi-4_9-2015q2/bin/../lib/gcc/arm-none-eabi/4.9.3/../../../../arm-none-eabi/lib/armv7e-m/libc_nano.a(lib_a-nano-vfprintf.o)
 .data          0x00000000        0x0 /home/peter/gcc-arm-none-eabi-4_9-2015q2/bin/../lib/gcc/arm-none-eabi/4.9.3/../../../../arm-none-eabi/lib/armv7e-m/libc_nano.a(lib_a-nano-vfprintf.o)
 .bss           0x00000000        0x0 /home/peter/gcc-arm-none-eabi-4_9-2015q2/bin/../lib/gcc/arm-none-eabi/4.9.3/../../../../arm-none-eabi/lib/armv7e-m/libc_nano.a(lib_a-nano-vfprintf.o)
 .text.__sprint_r
                0x00000000       0x1a /home/peter/gcc-arm-none-eabi-4_9-2015q2/bin/../lib/gcc/arm-none-eabi/4.9.3/../../../../arm-none-eabi/lib/armv7e-m/libc_nano.a(lib_a-nano-vfprintf.o)
 .text.vfprintf
                0x00000000       0x1c /home/peter/gcc-arm-none-eabi-4_9-2015q2/bin/../lib/gcc/arm-none-eabi/4.9.3/../../../../arm-none-eabi/lib/armv7e-m/libc_nano.a(lib_a-nano-vfprintf.o)
 .text          0x00000000        0x0 /home/peter/gcc-arm-none-eabi-4_9-2015q2/bin/../lib/gcc/arm-none-eabi/4.9.3/../../../../arm-none-eabi/lib/armv7e-m/libc_nano.a(lib_a-nano-vfprintf_i.o)
 .data          0x00000000        0x0 /home/peter/gcc-arm-none-eabi-4_9-2015q2/bin/../lib/gcc/arm-none-eabi/4.9.3/../../../../arm-none-eabi/lib/armv7e-m/libc_nano.a(lib_a-nano-vfprintf_i.o)
 .bss           0x00000000        0x0 /home/peter/gcc-arm-none-eabi-4_9-2015q2/bin/../lib/gcc/arm-none-eabi/4.9.3/../../../../arm-none-eabi/lib/armv7e-m/libc_nano.a(lib_a-nano-vfprintf_i.o)
 .text          0x00000000        0x0 /home/peter/gcc-arm-none-eabi-4_9-2015q2/bin/../lib/gcc/arm-none-eabi/4.9.3/../../../../arm-none-eabi/lib/armv7e-m/libc_nano.a(lib_a-sbrkr.o)
 .data          0x00000000        0x0 /home/peter/gcc-arm-none-eabi-4_9-2015q2/bin/../lib/gcc/arm-none-eabi/4.9.3/../../../../arm-none-eabi/lib/armv7e-m/libc_nano.a(lib_a-sbrkr.o)
 .bss           0x00000000        0x0 /home/peter/gcc-arm-none-eabi-4_9-2015q2/bin/../lib/gcc/arm-none-eabi/4.9.3/../../../../arm-none-eabi/lib/armv7e-m/libc_nano.a(lib_a-sbrkr.o)
 .text          0x00000000        0x0 /home/peter/gcc-arm-none-eabi-4_9-2015q2/bin/../lib/gcc/arm-none-eabi/4.9.3/../../../../arm-none-eabi/lib/armv7e-m/libc_nano.a(lib_a-stdio.o)
 .data          0x00000000        0x0 /home/peter/gcc-arm-none-eabi-4_9-2015q2/bin/../lib/gcc/arm-none-eabi/4.9.3/../../../../arm-none-eabi/lib/armv7e-m/libc_nano.a(lib_a-stdio.o)
 .bss           0x00000000        0x0 /home/peter/gcc-arm-none-eabi-4_9-2015q2/bin/../lib/gcc/arm-none-eabi/4.9.3/../../../../arm-none-eabi/lib/armv7e-m/libc_nano.a(lib_a-stdio.o)
 .text.__seofread
                0x00000000        0x4 /home/peter/gcc-arm-none-eabi-4_9-2015q2/bin/../lib/gcc/arm-none-eabi/4.9.3/../../../../arm-none-eabi/lib/armv7e-m/libc_nano.a(lib_a-stdio.o)
 .text          0x00000000        0x0 /home/peter/gcc-arm-none-eabi-4_9-2015q2/bin/../lib/gcc/arm-none-eabi/4.9.3/../../../../arm-none-eabi/lib/armv7e-m/libc_nano.a(lib_a-wbuf.o)
 .data          0x00000000        0x0 /home/peter/gcc-arm-none-eabi-4_9-2015q2/bin/../lib/gcc/arm-none-eabi/4.9.3/../../../../arm-none-eabi/lib/armv7e-m/libc_nano.a(lib_a-wbuf.o)
 .bss           0x00000000        0x0 /home/peter/gcc-arm-none-eabi-4_9-2015q2/bin/../lib/gcc/arm-none-eabi/4.9.3/../../../../arm-none-eabi/lib/armv7e-m/libc_nano.a(lib_a-wbuf.o)
 .text.__swbuf  0x00000000       0x14 /home/peter/gcc-arm-none-eabi-4_9-2015q2/bin/../lib/gcc/arm-none-eabi/4.9.3/../../../../arm-none-eabi/lib/armv7e-m/libc_nano.a(lib_a-wbuf.o)
 .text          0x00000000        0x0 /home/peter/gcc-arm-none-eabi-4_9-2015q2/bin/../lib/gcc/arm-none-eabi/4.9.3/../../../../arm-none-eabi/lib/armv7e-m/libc_nano.a(lib_a-writer.o)
 .data          0x00000000        0x0 /home/peter/gcc-arm-none-eabi-4_9-2015q2/bin/../lib/gcc/arm-none-eabi/4.9.3/../../../../arm-none-eabi/lib/armv7e-m/libc_nano.a(lib_a-writer.o)
 .bss           0x00000000        0x0 /home/peter/gcc-arm-none-eabi-4_9-2015q2/bin/../lib/gcc/arm-none-eabi/4.9.3/../../../../arm-none-eabi/lib/armv7e-m/libc_nano.a(lib_a-writer.o)
 .text          0x00000000        0x0 /home/peter/gcc-arm-none-eabi-4_9-2015q2/bin/../lib/gcc/arm-none-eabi/4.9.3/../../../../arm-none-eabi/lib/armv7e-m/libc_nano.a(lib_a-wsetup.o)
 .data          0x00000000        0x0 /home/peter/gcc-arm-none-eabi-4_9-2015q2/bin/../lib/gcc/arm-none-eabi/4.9.3/../../../../arm-none-eabi/lib/armv7e-m/libc_nano.a(lib_a-wsetup.o)
 .bss           0x00000000        0x0 /home/peter/gcc-arm-none-eabi-4_9-2015q2/bin/../lib/gcc/arm-none-eabi/4.9.3/../../../../arm-none-eabi/lib/armv7e-m/libc_nano.a(lib_a-wsetup.o)
 .text          0x00000000        0x0 /home/peter/gcc-arm-none-eabi-4_9-2015q2/bin/../lib/gcc/arm-none-eabi/4.9.3/../../../../arm-none-eabi/lib/armv7e-m/libc_nano.a(lib_a-closer.o)
 .data          0x00000000        0x0 /home/peter/gcc-arm-none-eabi-4_9-2015q2/bin/../lib/gcc/arm-none-eabi/4.9.3/../../../../arm-none-eabi/lib/armv7e-m/libc_nano.a(lib_a-closer.o)
 .bss           0x00000000        0x0 /home/peter/gcc-arm-none-eabi-4_9-2015q2/bin/../lib/gcc/arm-none-eabi/4.9.3/../../../../arm-none-eabi/lib/armv7e-m/libc_nano.a(lib_a-closer.o)
 .text          0x00000000        0x0 /home/peter/gcc-arm-none-eabi-4_9-2015q2/bin/../lib/gcc/arm-none-eabi/4.9.3/../../../../arm-none-eabi/lib/armv7e-m/libc_nano.a(lib_a-fflush.o)
 .data          0x00000000        0x0 /home/peter/gcc-arm-none-eabi-4_9-2015q2/bin/../lib/gcc/arm-none-eabi/4.9.3/../../../../arm-none-eabi/lib/armv7e-m/libc_nano.a(lib_a-fflush.o)
 .bss           0x00000000        0x0 /home/peter/gcc-arm-none-eabi-4_9-2015q2/bin/../lib/gcc/arm-none-eabi/4.9.3/../../../../arm-none-eabi/lib/armv7e-m/libc_nano.a(lib_a-fflush.o)
 .text.fflush   0x00000000       0x24 /home/peter/gcc-arm-none-eabi-4_9-2015q2/bin/../lib/gcc/arm-none-eabi/4.9.3/../../../../arm-none-eabi/lib/armv7e-m/libc_nano.a(lib_a-fflush.o)
 .text          0x00000000        0x0 /home/peter/gcc-arm-none-eabi-4_9-2015q2/bin/../lib/gcc/arm-none-eabi/4.9.3/../../../../arm-none-eabi/lib/armv7e-m/libc_nano.a(lib_a-fvwrite.o)
 .data          0x00000000        0x0 /home/peter/gcc-arm-none-eabi-4_9-2015q2/bin/../lib/gcc/arm-none-eabi/4.9.3/../../../../arm-none-eabi/lib/armv7e-m/libc_nano.a(lib_a-fvwrite.o)
 .bss           0x00000000        0x0 /home/peter/gcc-arm-none-eabi-4_9-2015q2/bin/../lib/gcc/arm-none-eabi/4.9.3/../../../../arm-none-eabi/lib/armv7e-m/libc_nano.a(lib_a-fvwrite.o)
 .text.__sfvwrite_r
                0x00000000      0x2a0 /home/peter/gcc-arm-none-eabi-4_9-2015q2/bin/../lib/gcc/arm-none-eabi/4.9.3/../../../../arm-none-eabi/lib/armv7e-m/libc_nano.a(lib_a-fvwrite.o)
 .debug_frame   0x00000000       0x3c /home/peter/gcc-arm-none-eabi-4_9-2015q2/bin/../lib/gcc/arm-none-eabi/4.9.3/../../../../arm-none-eabi/lib/armv7e-m/libc_nano.a(lib_a-fvwrite.o)
 .ARM.attributes
                0x00000000       0x2e /home/peter/gcc-arm-none-eabi-4_9-2015q2/bin/../lib/gcc/arm-none-eabi/4.9.3/../../../../arm-none-eabi/lib/armv7e-m/libc_nano.a(lib_a-fvwrite.o)
 .text          0x00000000        0x0 /home/peter/gcc-arm-none-eabi-4_9-2015q2/bin/../lib/gcc/arm-none-eabi/4.9.3/../../../../arm-none-eabi/lib/armv7e-m/libc_nano.a(lib_a-lseekr.o)
 .data          0x00000000        0x0 /home/peter/gcc-arm-none-eabi-4_9-2015q2/bin/../lib/gcc/arm-none-eabi/4.9.3/../../../../arm-none-eabi/lib/armv7e-m/libc_nano.a(lib_a-lseekr.o)
 .bss           0x00000000        0x0 /home/peter/gcc-arm-none-eabi-4_9-2015q2/bin/../lib/gcc/arm-none-eabi/4.9.3/../../../../arm-none-eabi/lib/armv7e-m/libc_nano.a(lib_a-lseekr.o)
 .text          0x00000000        0x0 /home/peter/gcc-arm-none-eabi-4_9-2015q2/bin/../lib/gcc/arm-none-eabi/4.9.3/../../../../arm-none-eabi/lib/armv7e-m/libc_nano.a(lib_a-makebuf.o)
 .data          0x00000000        0x0 /home/peter/gcc-arm-none-eabi-4_9-2015q2/bin/../lib/gcc/arm-none-eabi/4.9.3/../../../../arm-none-eabi/lib/armv7e-m/libc_nano.a(lib_a-makebuf.o)
 .bss           0x00000000        0x0 /home/peter/gcc-arm-none-eabi-4_9-2015q2/bin/../lib/gcc/arm-none-eabi/4.9.3/../../../../arm-none-eabi/lib/armv7e-m/libc_nano.a(lib_a-makebuf.o)
 .text          0x00000000        0x0 /home/peter/gcc-arm-none-eabi-4_9-2015q2/bin/../lib/gcc/arm-none-eabi/4.9.3/../../../../arm-none-eabi/lib/armv7e-m/libc_nano.a(lib_a-memchr.o)
 .data          0x00000000        0x0 /home/peter/gcc-arm-none-eabi-4_9-2015q2/bin/../lib/gcc/arm-none-eabi/4.9.3/../../../../arm-none-eabi/lib/armv7e-m/libc_nano.a(lib_a-memchr.o)
 .bss           0x00000000        0x0 /home/peter/gcc-arm-none-eabi-4_9-2015q2/bin/../lib/gcc/arm-none-eabi/4.9.3/../../../../arm-none-eabi/lib/armv7e-m/libc_nano.a(lib_a-memchr.o)
 .text          0x00000000        0x0 /home/peter/gcc-arm-none-eabi-4_9-2015q2/bin/../lib/gcc/arm-none-eabi/4.9.3/../../../../arm-none-eabi/lib/armv7e-m/libc_nano.a(lib_a-memcpy.o)
 .data          0x00000000        0x0 /home/peter/gcc-arm-none-eabi-4_9-2015q2/bin/../lib/gcc/arm-none-eabi/4.9.3/../../../../arm-none-eabi/lib/armv7e-m/libc_nano.a(lib_a-memcpy.o)
 .bss           0x00000000        0x0 /home/peter/gcc-arm-none-eabi-4_9-2015q2/bin/../lib/gcc/arm-none-eabi/4.9.3/../../../../arm-none-eabi/lib/armv7e-m/libc_nano.a(lib_a-memcpy.o)
 .text.memcpy   0x00000000       0x16 /home/peter/gcc-arm-none-eabi-4_9-2015q2/bin/../lib/gcc/arm-none-eabi/4.9.3/../../../../arm-none-eabi/lib/armv7e-m/libc_nano.a(lib_a-memcpy.o)
 .debug_frame   0x00000000       0x28 /home/peter/gcc-arm-none-eabi-4_9-2015q2/bin/../lib/gcc/arm-none-eabi/4.9.3/../../../../arm-none-eabi/lib/armv7e-m/libc_nano.a(lib_a-memcpy.o)
 .ARM.attributes
                0x00000000       0x2e /home/peter/gcc-arm-none-eabi-4_9-2015q2/bin/../lib/gcc/arm-none-eabi/4.9.3/../../../../arm-none-eabi/lib/armv7e-m/libc_nano.a(lib_a-memcpy.o)
 .text          0x00000000        0x0 /home/peter/gcc-arm-none-eabi-4_9-2015q2/bin/../lib/gcc/arm-none-eabi/4.9.3/../../../../arm-none-eabi/lib/armv7e-m/libc_nano.a(lib_a-memmove.o)
 .data          0x00000000        0x0 /home/peter/gcc-arm-none-eabi-4_9-2015q2/bin/../lib/gcc/arm-none-eabi/4.9.3/../../../../arm-none-eabi/lib/armv7e-m/libc_nano.a(lib_a-memmove.o)
 .bss           0x00000000        0x0 /home/peter/gcc-arm-none-eabi-4_9-2015q2/bin/../lib/gcc/arm-none-eabi/4.9.3/../../../../arm-none-eabi/lib/armv7e-m/libc_nano.a(lib_a-memmove.o)
 .text.memmove  0x00000000       0x36 /home/peter/gcc-arm-none-eabi-4_9-2015q2/bin/../lib/gcc/arm-none-eabi/4.9.3/../../../../arm-none-eabi/lib/armv7e-m/libc_nano.a(lib_a-memmove.o)
 .debug_frame   0x00000000       0x28 /home/peter/gcc-arm-none-eabi-4_9-2015q2/bin/../lib/gcc/arm-none-eabi/4.9.3/../../../../arm-none-eabi/lib/armv7e-m/libc_nano.a(lib_a-memmove.o)
 .ARM.attributes
                0x00000000       0x2e /home/peter/gcc-arm-none-eabi-4_9-2015q2/bin/../lib/gcc/arm-none-eabi/4.9.3/../../../../arm-none-eabi/lib/armv7e-m/libc_nano.a(lib_a-memmove.o)
 .text          0x00000000        0x0 /home/peter/gcc-arm-none-eabi-4_9-2015q2/bin/../lib/gcc/arm-none-eabi/4.9.3/../../../../arm-none-eabi/lib/armv7e-m/libc_nano.a(lib_a-nano-freer.o)
 .data          0x00000000        0x0 /home/peter/gcc-arm-none-eabi-4_9-2015q2/bin/../lib/gcc/arm-none-eabi/4.9.3/../../../../arm-none-eabi/lib/armv7e-m/libc_nano.a(lib_a-nano-freer.o)
 .bss           0x00000000        0x0 /home/peter/gcc-arm-none-eabi-4_9-2015q2/bin/../lib/gcc/arm-none-eabi/4.9.3/../../../../arm-none-eabi/lib/armv7e-m/libc_nano.a(lib_a-nano-freer.o)
 .text          0x00000000        0x0 /home/peter/gcc-arm-none-eabi-4_9-2015q2/bin/../lib/gcc/arm-none-eabi/4.9.3/../../../../arm-none-eabi/lib/armv7e-m/libc_nano.a(lib_a-nano-reallocr.o)
 .data          0x00000000        0x0 /home/peter/gcc-arm-none-eabi-4_9-2015q2/bin/../lib/gcc/arm-none-eabi/4.9.3/../../../../arm-none-eabi/lib/armv7e-m/libc_nano.a(lib_a-nano-reallocr.o)
 .bss           0x00000000        0x0 /home/peter/gcc-arm-none-eabi-4_9-2015q2/bin/../lib/gcc/arm-none-eabi/4.9.3/../../../../arm-none-eabi/lib/armv7e-m/libc_nano.a(lib_a-nano-reallocr.o)
 .text._realloc_r
                0x00000000       0x4c /home/peter/gcc-arm-none-eabi-4_9-2015q2/bin/../lib/gcc/arm-none-eabi/4.9.3/../../../../arm-none-eabi/lib/armv7e-m/libc_nano.a(lib_a-nano-reallocr.o)
 .debug_frame   0x00000000       0x3c /home/peter/gcc-arm-none-eabi-4_9-2015q2/bin/../lib/gcc/arm-none-eabi/4.9.3/../../../../arm-none-eabi/lib/armv7e-m/libc_nano.a(lib_a-nano-reallocr.o)
 .ARM.attributes
                0x00000000       0x2e /home/peter/gcc-arm-none-eabi-4_9-2015q2/bin/../lib/gcc/arm-none-eabi/4.9.3/../../../../arm-none-eabi/lib/armv7e-m/libc_nano.a(lib_a-nano-reallocr.o)
 .text          0x00000000        0x0 /home/peter/gcc-arm-none-eabi-4_9-2015q2/bin/../lib/gcc/arm-none-eabi/4.9.3/../../../../arm-none-eabi/lib/armv7e-m/libc_nano.a(lib_a-readr.o)
 .data          0x00000000        0x0 /home/peter/gcc-arm-none-eabi-4_9-2015q2/bin/../lib/gcc/arm-none-eabi/4.9.3/../../../../arm-none-eabi/lib/armv7e-m/libc_nano.a(lib_a-readr.o)
 .bss           0x00000000        0x0 /home/peter/gcc-arm-none-eabi-4_9-2015q2/bin/../lib/gcc/arm-none-eabi/4.9.3/../../../../arm-none-eabi/lib/armv7e-m/libc_nano.a(lib_a-readr.o)
 .text          0x00000000        0x0 /home/peter/gcc-arm-none-eabi-4_9-2015q2/bin/../lib/gcc/arm-none-eabi/4.9.3/../../../../arm-none-eabi/lib/armv7e-m/libc_nano.a(lib_a-reent.o)
 .data          0x00000000        0x0 /home/peter/gcc-arm-none-eabi-4_9-2015q2/bin/../lib/gcc/arm-none-eabi/4.9.3/../../../../arm-none-eabi/lib/armv7e-m/libc_nano.a(lib_a-reent.o)
 .bss           0x00000000        0x0 /home/peter/gcc-arm-none-eabi-4_9-2015q2/bin/../lib/gcc/arm-none-eabi/4.9.3/../../../../arm-none-eabi/lib/armv7e-m/libc_nano.a(lib_a-reent.o)
 .text.cleanup_glue
                0x00000000       0x1a /home/peter/gcc-arm-none-eabi-4_9-2015q2/bin/../lib/gcc/arm-none-eabi/4.9.3/../../../../arm-none-eabi/lib/armv7e-m/libc_nano.a(lib_a-reent.o)
 .text._reclaim_reent
                0x00000000       0xb4 /home/peter/gcc-arm-none-eabi-4_9-2015q2/bin/../lib/gcc/arm-none-eabi/4.9.3/../../../../arm-none-eabi/lib/armv7e-m/libc_nano.a(lib_a-reent.o)
 .text          0x00000000        0x0 /home/peter/gcc-arm-none-eabi-4_9-2015q2/bin/../lib/gcc/arm-none-eabi/4.9.3/../../../../arm-none-eabi/lib/armv7e-m/libc_nano.a(lib_a-fstatr.o)
 .data          0x00000000        0x0 /home/peter/gcc-arm-none-eabi-4_9-2015q2/bin/../lib/gcc/arm-none-eabi/4.9.3/../../../../arm-none-eabi/lib/armv7e-m/libc_nano.a(lib_a-fstatr.o)
 .bss           0x00000000        0x0 /home/peter/gcc-arm-none-eabi-4_9-2015q2/bin/../lib/gcc/arm-none-eabi/4.9.3/../../../../arm-none-eabi/lib/armv7e-m/libc_nano.a(lib_a-fstatr.o)
 .text          0x00000000        0x0 /home/peter/gcc-arm-none-eabi-4_9-2015q2/bin/../lib/gcc/arm-none-eabi/4.9.3/../../../../arm-none-eabi/lib/armv7e-m/libc_nano.a(lib_a-isattyr.o)
 .data          0x00000000        0x0 /home/peter/gcc-arm-none-eabi-4_9-2015q2/bin/../lib/gcc/arm-none-eabi/4.9.3/../../../../arm-none-eabi/lib/armv7e-m/libc_nano.a(lib_a-isattyr.o)
 .bss           0x00000000        0x0 /home/peter/gcc-arm-none-eabi-4_9-2015q2/bin/../lib/gcc/arm-none-eabi/4.9.3/../../../../arm-none-eabi/lib/armv7e-m/libc_nano.a(lib_a-isattyr.o)
 .text          0x00000000        0x0 /home/peter/gcc-arm-none-eabi-4_9-2015q2/bin/../lib/gcc/arm-none-eabi/4.9.3/../../../../arm-none-eabi/lib/armv7e-m/libc_nano.a(lib_a-nano-msizer.o)
 .data          0x00000000        0x0 /home/peter/gcc-arm-none-eabi-4_9-2015q2/bin/../lib/gcc/arm-none-eabi/4.9.3/../../../../arm-none-eabi/lib/armv7e-m/libc_nano.a(lib_a-nano-msizer.o)
 .bss           0x00000000        0x0 /home/peter/gcc-arm-none-eabi-4_9-2015q2/bin/../lib/gcc/arm-none-eabi/4.9.3/../../../../arm-none-eabi/lib/armv7e-m/libc_nano.a(lib_a-nano-msizer.o)
 .text._malloc_usable_size_r
                0x00000000       0x14 /home/peter/gcc-arm-none-eabi-4_9-2015q2/bin/../lib/gcc/arm-none-eabi/4.9.3/../../../../arm-none-eabi/lib/armv7e-m/libc_nano.a(lib_a-nano-msizer.o)
 .debug_frame   0x00000000       0x20 /home/peter/gcc-arm-none-eabi-4_9-2015q2/bin/../lib/gcc/arm-none-eabi/4.9.3/../../../../arm-none-eabi/lib/armv7e-m/libc_nano.a(lib_a-nano-msizer.o)
 .ARM.attributes
                0x00000000       0x2e /home/peter/gcc-arm-none-eabi-4_9-2015q2/bin/../lib/gcc/arm-none-eabi/4.9.3/../../../../arm-none-eabi/lib/armv7e-m/libc_nano.a(lib_a-nano-msizer.o)
 .text          0x00000000        0x0 /home/peter/gcc-arm-none-eabi-4_9-2015q2/bin/../lib/gcc/arm-none-eabi/4.9.3/../../../../arm-none-eabi/lib/armv7e-m/libnosys.a(close.o)
 .data          0x00000000        0x0 /home/peter/gcc-arm-none-eabi-4_9-2015q2/bin/../lib/gcc/arm-none-eabi/4.9.3/../../../../arm-none-eabi/lib/armv7e-m/libnosys.a(close.o)
 .bss           0x00000000        0x0 /home/peter/gcc-arm-none-eabi-4_9-2015q2/bin/../lib/gcc/arm-none-eabi/4.9.3/../../../../arm-none-eabi/lib/armv7e-m/libnosys.a(close.o)
 .text          0x00000000        0x0 /home/peter/gcc-arm-none-eabi-4_9-2015q2/bin/../lib/gcc/arm-none-eabi/4.9.3/../../../../arm-none-eabi/lib/armv7e-m/libnosys.a(fstat.o)
 .data          0x00000000        0x0 /home/peter/gcc-arm-none-eabi-4_9-2015q2/bin/../lib/gcc/arm-none-eabi/4.9.3/../../../../arm-none-eabi/lib/armv7e-m/libnosys.a(fstat.o)
 .bss           0x00000000        0x0 /home/peter/gcc-arm-none-eabi-4_9-2015q2/bin/../lib/gcc/arm-none-eabi/4.9.3/../../../../arm-none-eabi/lib/armv7e-m/libnosys.a(fstat.o)
 .text          0x00000000        0x0 /home/peter/gcc-arm-none-eabi-4_9-2015q2/bin/../lib/gcc/arm-none-eabi/4.9.3/../../../../arm-none-eabi/lib/armv7e-m/libnosys.a(isatty.o)
 .data          0x00000000        0x0 /home/peter/gcc-arm-none-eabi-4_9-2015q2/bin/../lib/gcc/arm-none-eabi/4.9.3/../../../../arm-none-eabi/lib/armv7e-m/libnosys.a(isatty.o)
 .bss           0x00000000        0x0 /home/peter/gcc-arm-none-eabi-4_9-2015q2/bin/../lib/gcc/arm-none-eabi/4.9.3/../../../../arm-none-eabi/lib/armv7e-m/libnosys.a(isatty.o)
 .text          0x00000000        0x0 /home/peter/gcc-arm-none-eabi-4_9-2015q2/bin/../lib/gcc/arm-none-eabi/4.9.3/../../../../arm-none-eabi/lib/armv7e-m/libnosys.a(lseek.o)
 .data          0x00000000        0x0 /home/peter/gcc-arm-none-eabi-4_9-2015q2/bin/../lib/gcc/arm-none-eabi/4.9.3/../../../../arm-none-eabi/lib/armv7e-m/libnosys.a(lseek.o)
 .bss           0x00000000        0x0 /home/peter/gcc-arm-none-eabi-4_9-2015q2/bin/../lib/gcc/arm-none-eabi/4.9.3/../../../../arm-none-eabi/lib/armv7e-m/libnosys.a(lseek.o)
 .text          0x00000000        0x0 /home/peter/gcc-arm-none-eabi-4_9-2015q2/bin/../lib/gcc/arm-none-eabi/4.9.3/../../../../arm-none-eabi/lib/armv7e-m/libnosys.a(read.o)
 .data          0x00000000        0x0 /home/peter/gcc-arm-none-eabi-4_9-2015q2/bin/../lib/gcc/arm-none-eabi/4.9.3/../../../../arm-none-eabi/lib/armv7e-m/libnosys.a(read.o)
 .bss           0x00000000        0x0 /home/peter/gcc-arm-none-eabi-4_9-2015q2/bin/../lib/gcc/arm-none-eabi/4.9.3/../../../../arm-none-eabi/lib/armv7e-m/libnosys.a(read.o)
 .text          0x00000000        0x0 /home/peter/gcc-arm-none-eabi-4_9-2015q2/bin/../lib/gcc/arm-none-eabi/4.9.3/../../../../arm-none-eabi/lib/armv7e-m/libnosys.a(sbrk.o)
 .data          0x00000000        0x0 /home/peter/gcc-arm-none-eabi-4_9-2015q2/bin/../lib/gcc/arm-none-eabi/4.9.3/../../../../arm-none-eabi/lib/armv7e-m/libnosys.a(sbrk.o)
 .bss           0x00000000        0x0 /home/peter/gcc-arm-none-eabi-4_9-2015q2/bin/../lib/gcc/arm-none-eabi/4.9.3/../../../../arm-none-eabi/lib/armv7e-m/libnosys.a(sbrk.o)
 .text          0x00000000        0x0 /home/peter/gcc-arm-none-eabi-4_9-2015q2/bin/../lib/gcc/arm-none-eabi/4.9.3/../../../../arm-none-eabi/lib/armv7e-m/libnosys.a(_exit.o)
 .data          0x00000000        0x0 /home/peter/gcc-arm-none-eabi-4_9-2015q2/bin/../lib/gcc/arm-none-eabi/4.9.3/../../../../arm-none-eabi/lib/armv7e-m/libnosys.a(_exit.o)
 .bss           0x00000000        0x0 /home/peter/gcc-arm-none-eabi-4_9-2015q2/bin/../lib/gcc/arm-none-eabi/4.9.3/../../../../arm-none-eabi/lib/armv7e-m/libnosys.a(_exit.o)
 .text._exit    0x00000000        0x4 /home/peter/gcc-arm-none-eabi-4_9-2015q2/bin/../lib/gcc/arm-none-eabi/4.9.3/../../../../arm-none-eabi/lib/armv7e-m/libnosys.a(_exit.o)
 .debug_frame   0x00000000       0x20 /home/peter/gcc-arm-none-eabi-4_9-2015q2/bin/../lib/gcc/arm-none-eabi/4.9.3/../../../../arm-none-eabi/lib/armv7e-m/libnosys.a(_exit.o)
 .ARM.attributes
                0x00000000       0x2e /home/peter/gcc-arm-none-eabi-4_9-2015q2/bin/../lib/gcc/arm-none-eabi/4.9.3/../../../../arm-none-eabi/lib/armv7e-m/libnosys.a(_exit.o)
 .text          0x00000000        0x0 /home/peter/gcc-arm-none-eabi-4_9-2015q2/bin/../lib/gcc/arm-none-eabi/4.9.3/armv7e-m/crtend.o
 .data          0x00000000        0x0 /home/peter/gcc-arm-none-eabi-4_9-2015q2/bin/../lib/gcc/arm-none-eabi/4.9.3/armv7e-m/crtend.o
 .bss           0x00000000        0x0 /home/peter/gcc-arm-none-eabi-4_9-2015q2/bin/../lib/gcc/arm-none-eabi/4.9.3/armv7e-m/crtend.o
 .text          0x00000000        0x0 /home/peter/gcc-arm-none-eabi-4_9-2015q2/bin/../lib/gcc/arm-none-eabi/4.9.3/armv7e-m/crtn.o
 .data          0x00000000        0x0 /home/peter/gcc-arm-none-eabi-4_9-2015q2/bin/../lib/gcc/arm-none-eabi/4.9.3/armv7e-m/crtn.o
 .bss           0x00000000        0x0 /home/peter/gcc-arm-none-eabi-4_9-2015q2/bin/../lib/gcc/arm-none-eabi/4.9.3/armv7e-m/crtn.o

Memory Configuration

Name             Origin             Length             Attributes
FLASH            0x08000000         0x00080000         xr
RAM              0x20000198         0x0001fe68         xrw
*default*        0x00000000         0xffffffff

Linker script and memory map

LOAD /home/peter/gcc-arm-none-eabi-4_9-2015q2/bin/../lib/gcc/arm-none-eabi/4.9.3/armv7e-m/crti.o
LOAD /home/peter/gcc-arm-none-eabi-4_9-2015q2/bin/../lib/gcc/arm-none-eabi/4.9.3/armv7e-m/crtbegin.o
LOAD /home/peter/gcc-arm-none-eabi-4_9-2015q2/bin/../lib/gcc/arm-none-eabi/4.9.3/../../../../arm-none-eabi/lib/armv7e-m/crt0.o
LOAD ../mbed/libraries/mbed/targets/cmsis/TARGET_STM/TARGET_STM32F4/TARGET_NUCLEO_F411RE/TOOLCHAIN_GCC_ARM/startup_stm32f411xe.o
LOAD src/main.o
LOAD /tmp/ccn7MRWj.ltrans0.ltrans.o
LOAD /home/peter/gcc-arm-none-eabi-4_9-2015q2/bin/../lib/gcc/arm-none-eabi/4.9.3/armv7e-m/libgcc.a
LOAD /home/peter/gcc-arm-none-eabi-4_9-2015q2/bin/../lib/gcc/arm-none-eabi/4.9.3/../../../../arm-none-eabi/lib/armv7e-m/libc_nano.a
LOAD /home/peter/gcc-arm-none-eabi-4_9-2015q2/bin/../lib/gcc/arm-none-eabi/4.9.3/armv7e-m/libgcc.a
LOAD /home/peter/gcc-arm-none-eabi-4_9-2015q2/bin/../lib/gcc/arm-none-eabi/4.9.3/../../../../arm-none-eabi/lib/armv7e-m/libc_nano.a
LOAD /home/peter/gcc-arm-none-eabi-4_9-2015q2/bin/../lib/gcc/arm-none-eabi/4.9.3/../../../../arm-none-eabi/lib/armv7e-m/libnosys.a
LOAD /home/peter/gcc-arm-none-eabi-4_9-2015q2/bin/../lib/gcc/arm-none-eabi/4.9.3/armv7e-m/libgcc.a
LOAD /home/peter/gcc-arm-none-eabi-4_9-2015q2/bin/../lib/gcc/arm-none-eabi/4.9.3/../../../../arm-none-eabi/lib/armv7e-m/libc_nano.a
LOAD /home/peter/gcc-arm-none-eabi-4_9-2015q2/bin/../lib/gcc/arm-none-eabi/4.9.3/../../../../arm-none-eabi/lib/armv7e-m/libnosys.a
LOAD src/stm32f4xx_it.o
LOAD src/syscalls.o
LOAD src/stm32f4xx_hal_msp.o
LOAD ../mbed/libraries/mbed/targets/cmsis/TARGET_STM/TARGET_STM32F4/stm32f4xx_hal_uart.o
LOAD ../mbed/libraries/mbed/targets/cmsis/TARGET_STM/TARGET_STM32F4/stm32f4xx_hal_gpio.o
LOAD ../mbed/libraries/mbed/targets/cmsis/TARGET_STM/TARGET_STM32F4/TARGET_NUCLEO_F411RE/system_stm32f4xx.o
LOAD ../mbed/libraries/mbed/targets/cmsis/TARGET_STM/TARGET_STM32F4/stm32f4xx_hal.o
LOAD ../mbed/libraries/mbed/targets/cmsis/TARGET_STM/TARGET_STM32F4/stm32f4xx_hal_rcc.o
LOAD ../mbed/libraries/mbed/targets/cmsis/TARGET_STM/TARGET_STM32F4/stm32f4xx_hal_cortex.o
START GROUP
LOAD /home/peter/gcc-arm-none-eabi-4_9-2015q2/bin/../lib/gcc/arm-none-eabi/4.9.3/armv7e-m/libgcc.a
LOAD /home/peter/gcc-arm-none-eabi-4_9-2015q2/bin/../lib/gcc/arm-none-eabi/4.9.3/../../../../arm-none-eabi/lib/armv7e-m/libc_nano.a
END GROUP
START GROUP
LOAD /home/peter/gcc-arm-none-eabi-4_9-2015q2/bin/../lib/gcc/arm-none-eabi/4.9.3/armv7e-m/libgcc.a
LOAD /home/peter/gcc-arm-none-eabi-4_9-2015q2/bin/../lib/gcc/arm-none-eabi/4.9.3/../../../../arm-none-eabi/lib/armv7e-m/libc_nano.a
END GROUP
START GROUP
LOAD /home/peter/gcc-arm-none-eabi-4_9-2015q2/bin/../lib/gcc/arm-none-eabi/4.9.3/armv7e-m/libgcc.a
LOAD /home/peter/gcc-arm-none-eabi-4_9-2015q2/bin/../lib/gcc/arm-none-eabi/4.9.3/../../../../arm-none-eabi/lib/armv7e-m/libc_nano.a
LOAD /home/peter/gcc-arm-none-eabi-4_9-2015q2/bin/../lib/gcc/arm-none-eabi/4.9.3/../../../../arm-none-eabi/lib/armv7e-m/libnosys.a
END GROUP
START GROUP
LOAD /home/peter/gcc-arm-none-eabi-4_9-2015q2/bin/../lib/gcc/arm-none-eabi/4.9.3/armv7e-m/libgcc.a
LOAD /home/peter/gcc-arm-none-eabi-4_9-2015q2/bin/../lib/gcc/arm-none-eabi/4.9.3/../../../../arm-none-eabi/lib/armv7e-m/libc_nano.a
LOAD /home/peter/gcc-arm-none-eabi-4_9-2015q2/bin/../lib/gcc/arm-none-eabi/4.9.3/../../../../arm-none-eabi/lib/armv7e-m/libnosys.a
END GROUP
LOAD /home/peter/gcc-arm-none-eabi-4_9-2015q2/bin/../lib/gcc/arm-none-eabi/4.9.3/armv7e-m/crtend.o
LOAD /home/peter/gcc-arm-none-eabi-4_9-2015q2/bin/../lib/gcc/arm-none-eabi/4.9.3/armv7e-m/crtn.o

.text           0x08000000     0x1b8c
 *(.isr_vector)
 .isr_vector    0x08000000      0x198 ../mbed/libraries/mbed/targets/cmsis/TARGET_STM/TARGET_STM32F4/TARGET_NUCLEO_F411RE/TOOLCHAIN_GCC_ARM/startup_stm32f411xe.o
                0x08000000                g_pfnVectors
 *(.text*)
 .text          0x08000198       0x5c /home/peter/gcc-arm-none-eabi-4_9-2015q2/bin/../lib/gcc/arm-none-eabi/4.9.3/armv7e-m/crtbegin.o
 .text.Reset_Handler
                0x080001f4       0x4c ../mbed/libraries/mbed/targets/cmsis/TARGET_STM/TARGET_STM32F4/TARGET_NUCLEO_F411RE/TOOLCHAIN_GCC_ARM/startup_stm32f411xe.o
                0x080001f4                Reset_Handler
 .text.Default_Handler
                0x08000240        0x2 ../mbed/libraries/mbed/targets/cmsis/TARGET_STM/TARGET_STM32F4/TARGET_NUCLEO_F411RE/TOOLCHAIN_GCC_ARM/startup_stm32f411xe.o
                0x08000240                RTC_Alarm_IRQHandler
                0x08000240                EXTI2_IRQHandler
                0x08000240                SPI4_IRQHandler
                0x08000240                TIM1_CC_IRQHandler
                0x08000240                DMA2_Stream5_IRQHandler
                0x08000240                DMA1_Stream5_IRQHandler
                0x08000240                PVD_IRQHandler
                0x08000240                SDIO_IRQHandler
                0x08000240                TAMP_STAMP_IRQHandler
                0x08000240                EXTI3_IRQHandler
                0x08000240                TIM1_UP_TIM10_IRQHandler
                0x08000240                I2C3_ER_IRQHandler
                0x08000240                EXTI0_IRQHandler
                0x08000240                I2C2_EV_IRQHandler
                0x08000240                DMA1_Stream2_IRQHandler
                0x08000240                FPU_IRQHandler
                0x08000240                DMA2_Stream2_IRQHandler
                0x08000240                SPI1_IRQHandler
                0x08000240                TIM1_BRK_TIM9_IRQHandler
                0x08000240                DMA2_Stream3_IRQHandler
                0x08000240                USART6_IRQHandler
                0x08000240                DMA2_Stream0_IRQHandler
                0x08000240                TIM4_IRQHandler
                0x08000240                I2C1_EV_IRQHandler
                0x08000240                DMA1_Stream6_IRQHandler
                0x08000240                DMA1_Stream1_IRQHandler
                0x08000240                TIM3_IRQHandler
                0x08000240                RCC_IRQHandler
                0x08000240                Default_Handler
                0x08000240                EXTI15_10_IRQHandler
                0x08000240                ADC_IRQHandler
                0x08000240                DMA1_Stream7_IRQHandler
                0x08000240                SPI5_IRQHandler
                0x08000240                TIM5_IRQHandler
                0x08000240                DMA2_Stream7_IRQHandler
                0x08000240                I2C3_EV_IRQHandler
                0x08000240                EXTI9_5_IRQHandler
                0x08000240                RTC_WKUP_IRQHandler
                0x08000240                SPI2_IRQHandler
                0x08000240                DMA1_Stream0_IRQHandler
                0x08000240                EXTI4_IRQHandler
                0x08000240                WWDG_IRQHandler
                0x08000240                TIM2_IRQHandler
                0x08000240                OTG_FS_WKUP_IRQHandler
                0x08000240                TIM1_TRG_COM_TIM11_IRQHandler
                0x08000240                EXTI1_IRQHandler
                0x08000240                USART2_IRQHandler
                0x08000240                I2C2_ER_IRQHandler
                0x08000240                DMA2_Stream1_IRQHandler
                0x08000240                FLASH_IRQHandler
                0x08000240                DMA2_Stream4_IRQHandler
                0x08000240                USART1_IRQHandler
                0x08000240                OTG_FS_IRQHandler
                0x08000240                SPI3_IRQHandler
                0x08000240                DMA1_Stream4_IRQHandler
                0x08000240                I2C1_ER_IRQHandler
                0x08000240                DMA2_Stream6_IRQHandler
                0x08000240                DMA1_Stream3_IRQHandler
 *fill*         0x08000242        0x2 
 .text          0x08000244      0x708 /tmp/ccn7MRWj.ltrans0.ltrans.o
                0x080005c0                SystemInit
                0x08000884                _write
                0x08000938                SysTick_Handler
                0x0800093a                PendSV_Handler
                0x0800093c                DebugMon_Handler
                0x0800093e                SVC_Handler
                0x08000940                UsageFault_Handler
                0x08000942                BusFault_Handler
                0x08000944                MemManage_Handler
                0x08000946                HardFault_Handler
                0x08000948                NMI_Handler
 .text.startup  0x0800094c      0x360 /tmp/ccn7MRWj.ltrans0.ltrans.o
                0x0800094c                main
 .text.memset   0x08000cac       0x10 /home/peter/gcc-arm-none-eabi-4_9-2015q2/bin/../lib/gcc/arm-none-eabi/4.9.3/../../../../arm-none-eabi/lib/armv7e-m/libc_nano.a(lib_a-memset.o)
                0x08000cac                memset
 .text.printf   0x08000cbc       0x30 /home/peter/gcc-arm-none-eabi-4_9-2015q2/bin/../lib/gcc/arm-none-eabi/4.9.3/../../../../arm-none-eabi/lib/armv7e-m/libc_nano.a(lib_a-printf.o)
                0x08000cbc                printf
                0x08000cbc                iprintf
 .text._cleanup_r
                0x08000cec        0xc /home/peter/gcc-arm-none-eabi-4_9-2015q2/bin/../lib/gcc/arm-none-eabi/4.9.3/../../../../arm-none-eabi/lib/armv7e-m/libc_nano.a(lib_a-findfp.o)
                0x08000cec                _cleanup_r
 .text.std.isra.0
                0x08000cf8       0x48 /home/peter/gcc-arm-none-eabi-4_9-2015q2/bin/../lib/gcc/arm-none-eabi/4.9.3/../../../../arm-none-eabi/lib/armv7e-m/libc_nano.a(lib_a-findfp.o)
 .text.__sfmoreglue
                0x08000d40       0x2c /home/peter/gcc-arm-none-eabi-4_9-2015q2/bin/../lib/gcc/arm-none-eabi/4.9.3/../../../../arm-none-eabi/lib/armv7e-m/libc_nano.a(lib_a-findfp.o)
                0x08000d40                __sfmoreglue
 .text.__sinit  0x08000d6c       0x60 /home/peter/gcc-arm-none-eabi-4_9-2015q2/bin/../lib/gcc/arm-none-eabi/4.9.3/../../../../arm-none-eabi/lib/armv7e-m/libc_nano.a(lib_a-findfp.o)
                0x08000d6c                __sinit
 .text.__sfp    0x08000dcc       0x74 /home/peter/gcc-arm-none-eabi-4_9-2015q2/bin/../lib/gcc/arm-none-eabi/4.9.3/../../../../arm-none-eabi/lib/armv7e-m/libc_nano.a(lib_a-findfp.o)
                0x08000dcc                __sfp
 .text._fwalk_reent
                0x08000e40       0x3c /home/peter/gcc-arm-none-eabi-4_9-2015q2/bin/../lib/gcc/arm-none-eabi/4.9.3/../../../../arm-none-eabi/lib/armv7e-m/libc_nano.a(lib_a-fwalk.o)
                0x08000e40                _fwalk_reent
 .text._malloc_r
                0x08000e7c       0xac /home/peter/gcc-arm-none-eabi-4_9-2015q2/bin/../lib/gcc/arm-none-eabi/4.9.3/../../../../arm-none-eabi/lib/armv7e-m/libc_nano.a(lib_a-nano-mallocr.o)
                0x08000e7c                _malloc_r
 .text.__sfputc_r
                0x08000f28       0x2c /home/peter/gcc-arm-none-eabi-4_9-2015q2/bin/../lib/gcc/arm-none-eabi/4.9.3/../../../../arm-none-eabi/lib/armv7e-m/libc_nano.a(lib_a-nano-vfprintf.o)
 .text.__sfputs_r
                0x08000f54       0x24 /home/peter/gcc-arm-none-eabi-4_9-2015q2/bin/../lib/gcc/arm-none-eabi/4.9.3/../../../../arm-none-eabi/lib/armv7e-m/libc_nano.a(lib_a-nano-vfprintf.o)
                0x08000f54                __sfputs_r
 .text._vfprintf_r
                0x08000f78      0x210 /home/peter/gcc-arm-none-eabi-4_9-2015q2/bin/../lib/gcc/arm-none-eabi/4.9.3/../../../../arm-none-eabi/lib/armv7e-m/libc_nano.a(lib_a-nano-vfprintf.o)
                0x08000f78                _vfiprintf_r
                0x08000f78                _vfprintf_r
 .text._printf_common
                0x08001188       0xea /home/peter/gcc-arm-none-eabi-4_9-2015q2/bin/../lib/gcc/arm-none-eabi/4.9.3/../../../../arm-none-eabi/lib/armv7e-m/libc_nano.a(lib_a-nano-vfprintf_i.o)
                0x08001188                _printf_common
 *fill*         0x08001272        0x2 
 .text._printf_i
                0x08001274      0x240 /home/peter/gcc-arm-none-eabi-4_9-2015q2/bin/../lib/gcc/arm-none-eabi/4.9.3/../../../../arm-none-eabi/lib/armv7e-m/libc_nano.a(lib_a-nano-vfprintf_i.o)
                0x08001274                _printf_i
 .text._sbrk_r  0x080014b4       0x20 /home/peter/gcc-arm-none-eabi-4_9-2015q2/bin/../lib/gcc/arm-none-eabi/4.9.3/../../../../arm-none-eabi/lib/armv7e-m/libc_nano.a(lib_a-sbrkr.o)
                0x080014b4                _sbrk_r
 .text.__sread  0x080014d4       0x22 /home/peter/gcc-arm-none-eabi-4_9-2015q2/bin/../lib/gcc/arm-none-eabi/4.9.3/../../../../arm-none-eabi/lib/armv7e-m/libc_nano.a(lib_a-stdio.o)
                0x080014d4                __sread
 .text.__swrite
                0x080014f6       0x38 /home/peter/gcc-arm-none-eabi-4_9-2015q2/bin/../lib/gcc/arm-none-eabi/4.9.3/../../../../arm-none-eabi/lib/armv7e-m/libc_nano.a(lib_a-stdio.o)
                0x080014f6                __swrite
 .text.__sseek  0x0800152e       0x24 /home/peter/gcc-arm-none-eabi-4_9-2015q2/bin/../lib/gcc/arm-none-eabi/4.9.3/../../../../arm-none-eabi/lib/armv7e-m/libc_nano.a(lib_a-stdio.o)
                0x0800152e                __sseek
 .text.__sclose
                0x08001552        0x8 /home/peter/gcc-arm-none-eabi-4_9-2015q2/bin/../lib/gcc/arm-none-eabi/4.9.3/../../../../arm-none-eabi/lib/armv7e-m/libc_nano.a(lib_a-stdio.o)
                0x08001552                __sclose
 *fill*         0x0800155a        0x2 
 .text.__swbuf_r
                0x0800155c       0xa8 /home/peter/gcc-arm-none-eabi-4_9-2015q2/bin/../lib/gcc/arm-none-eabi/4.9.3/../../../../arm-none-eabi/lib/armv7e-m/libc_nano.a(lib_a-wbuf.o)
                0x0800155c                __swbuf_r
 .text._write_r
                0x08001604       0x24 /home/peter/gcc-arm-none-eabi-4_9-2015q2/bin/../lib/gcc/arm-none-eabi/4.9.3/../../../../arm-none-eabi/lib/armv7e-m/libc_nano.a(lib_a-writer.o)
                0x08001604                _write_r
 .text.__swsetup_r
                0x08001628       0xd8 /home/peter/gcc-arm-none-eabi-4_9-2015q2/bin/../lib/gcc/arm-none-eabi/4.9.3/../../../../arm-none-eabi/lib/armv7e-m/libc_nano.a(lib_a-wsetup.o)
                0x08001628                __swsetup_r
 .text._close_r
                0x08001700       0x20 /home/peter/gcc-arm-none-eabi-4_9-2015q2/bin/../lib/gcc/arm-none-eabi/4.9.3/../../../../arm-none-eabi/lib/armv7e-m/libc_nano.a(lib_a-closer.o)
                0x08001700                _close_r
 .text.__sflush_r
                0x08001720      0x108 /home/peter/gcc-arm-none-eabi-4_9-2015q2/bin/../lib/gcc/arm-none-eabi/4.9.3/../../../../arm-none-eabi/lib/armv7e-m/libc_nano.a(lib_a-fflush.o)
                0x08001720                __sflush_r
 .text._fflush_r
                0x08001828       0x54 /home/peter/gcc-arm-none-eabi-4_9-2015q2/bin/../lib/gcc/arm-none-eabi/4.9.3/../../../../arm-none-eabi/lib/armv7e-m/libc_nano.a(lib_a-fflush.o)
                0x08001828                _fflush_r
 .text._lseek_r
                0x0800187c       0x24 /home/peter/gcc-arm-none-eabi-4_9-2015q2/bin/../lib/gcc/arm-none-eabi/4.9.3/../../../../arm-none-eabi/lib/armv7e-m/libc_nano.a(lib_a-lseekr.o)
                0x0800187c                _lseek_r
 .text.__smakebuf_r
                0x080018a0       0x9c /home/peter/gcc-arm-none-eabi-4_9-2015q2/bin/../lib/gcc/arm-none-eabi/4.9.3/../../../../arm-none-eabi/lib/armv7e-m/libc_nano.a(lib_a-makebuf.o)
                0x080018a0                __smakebuf_r
 .text.memchr   0x0800193c       0x1e /home/peter/gcc-arm-none-eabi-4_9-2015q2/bin/../lib/gcc/arm-none-eabi/4.9.3/../../../../arm-none-eabi/lib/armv7e-m/libc_nano.a(lib_a-memchr.o)
                0x0800193c                memchr
 *fill*         0x0800195a        0x2 
 .text._free_r  0x0800195c       0x88 /home/peter/gcc-arm-none-eabi-4_9-2015q2/bin/../lib/gcc/arm-none-eabi/4.9.3/../../../../arm-none-eabi/lib/armv7e-m/libc_nano.a(lib_a-nano-freer.o)
                0x0800195c                _free_r
 .text._read_r  0x080019e4       0x24 /home/peter/gcc-arm-none-eabi-4_9-2015q2/bin/../lib/gcc/arm-none-eabi/4.9.3/../../../../arm-none-eabi/lib/armv7e-m/libc_nano.a(lib_a-readr.o)
                0x080019e4                _read_r
 .text._fstat_r
                0x08001a08       0x24 /home/peter/gcc-arm-none-eabi-4_9-2015q2/bin/../lib/gcc/arm-none-eabi/4.9.3/../../../../arm-none-eabi/lib/armv7e-m/libc_nano.a(lib_a-fstatr.o)
                0x08001a08                _fstat_r
 .text._isatty_r
                0x08001a2c       0x20 /home/peter/gcc-arm-none-eabi-4_9-2015q2/bin/../lib/gcc/arm-none-eabi/4.9.3/../../../../arm-none-eabi/lib/armv7e-m/libc_nano.a(lib_a-isattyr.o)
                0x08001a2c                _isatty_r
 .text._close   0x08001a4c       0x10 /home/peter/gcc-arm-none-eabi-4_9-2015q2/bin/../lib/gcc/arm-none-eabi/4.9.3/../../../../arm-none-eabi/lib/armv7e-m/libnosys.a(close.o)
                0x08001a4c                _close
 .text._fstat   0x08001a5c       0x10 /home/peter/gcc-arm-none-eabi-4_9-2015q2/bin/../lib/gcc/arm-none-eabi/4.9.3/../../../../arm-none-eabi/lib/armv7e-m/libnosys.a(fstat.o)
                0x08001a5c                _fstat
 .text._isatty  0x08001a6c       0x10 /home/peter/gcc-arm-none-eabi-4_9-2015q2/bin/../lib/gcc/arm-none-eabi/4.9.3/../../../../arm-none-eabi/lib/armv7e-m/libnosys.a(isatty.o)
                0x08001a6c                _isatty
 .text._lseek   0x08001a7c       0x10 /home/peter/gcc-arm-none-eabi-4_9-2015q2/bin/../lib/gcc/arm-none-eabi/4.9.3/../../../../arm-none-eabi/lib/armv7e-m/libnosys.a(lseek.o)
                0x08001a7c                _lseek
 .text._read    0x08001a8c       0x10 /home/peter/gcc-arm-none-eabi-4_9-2015q2/bin/../lib/gcc/arm-none-eabi/4.9.3/../../../../arm-none-eabi/lib/armv7e-m/libnosys.a(read.o)
                0x08001a8c                _read
 .text._sbrk    0x08001a9c       0x1c /home/peter/gcc-arm-none-eabi-4_9-2015q2/bin/../lib/gcc/arm-none-eabi/4.9.3/../../../../arm-none-eabi/lib/armv7e-m/libnosys.a(sbrk.o)
                0x08001a9c                _sbrk
 *(.init)
 .init          0x08001ab8        0x4 /home/peter/gcc-arm-none-eabi-4_9-2015q2/bin/../lib/gcc/arm-none-eabi/4.9.3/armv7e-m/crti.o
                0x08001ab8                _init
 .init          0x08001abc        0x8 /home/peter/gcc-arm-none-eabi-4_9-2015q2/bin/../lib/gcc/arm-none-eabi/4.9.3/armv7e-m/crtn.o
 *(.fini)
 .fini          0x08001ac4        0x4 /home/peter/gcc-arm-none-eabi-4_9-2015q2/bin/../lib/gcc/arm-none-eabi/4.9.3/armv7e-m/crti.o
                0x08001ac4                _fini
 .fini          0x08001ac8        0x8 /home/peter/gcc-arm-none-eabi-4_9-2015q2/bin/../lib/gcc/arm-none-eabi/4.9.3/armv7e-m/crtn.o
 *crtbegin.o(.ctors)
 *crtbegin?.o(.ctors)
 *(EXCLUDE_FILE(*crtend.o *crtend?.o) .ctors)
 *(SORT(.ctors.*))
 *(.ctors)
 *crtbegin.o(.dtors)
 *crtbegin?.o(.dtors)
 *(EXCLUDE_FILE(*crtend.o *crtend?.o) .dtors)
 *(SORT(.dtors.*))
 *(.dtors)
 *(.rodata*)
 .rodata.APBAHBPrescTable
                0x08001ad0       0x10 /tmp/ccn7MRWj.ltrans0.ltrans.o
 .rodata.str1.1
                0x08001ae0        0xc /tmp/ccn7MRWj.ltrans0.ltrans.o
 .rodata.str1.1
                0x08001aec        0x2 /home/peter/gcc-arm-none-eabi-4_9-2015q2/bin/../lib/gcc/arm-none-eabi/4.9.3/../../../../arm-none-eabi/lib/armv7e-m/libc_nano.a(lib_a-impure.o)
 *fill*         0x08001aee        0x2 
 .rodata._global_impure_ptr
                0x08001af0        0x4 /home/peter/gcc-arm-none-eabi-4_9-2015q2/bin/../lib/gcc/arm-none-eabi/4.9.3/../../../../arm-none-eabi/lib/armv7e-m/libc_nano.a(lib_a-impure.o)
                0x08001af0                _global_impure_ptr
 .rodata.__sf_fake_stdin
                0x08001af4       0x20 /home/peter/gcc-arm-none-eabi-4_9-2015q2/bin/../lib/gcc/arm-none-eabi/4.9.3/../../../../arm-none-eabi/lib/armv7e-m/libc_nano.a(lib_a-findfp.o)
                0x08001af4                __sf_fake_stdin
 .rodata.__sf_fake_stdout
                0x08001b14       0x20 /home/peter/gcc-arm-none-eabi-4_9-2015q2/bin/../lib/gcc/arm-none-eabi/4.9.3/../../../../arm-none-eabi/lib/armv7e-m/libc_nano.a(lib_a-findfp.o)
                0x08001b14                __sf_fake_stdout
 .rodata.__sf_fake_stderr
                0x08001b34       0x20 /home/peter/gcc-arm-none-eabi-4_9-2015q2/bin/../lib/gcc/arm-none-eabi/4.9.3/../../../../arm-none-eabi/lib/armv7e-m/libc_nano.a(lib_a-findfp.o)
                0x08001b34                __sf_fake_stderr
 .rodata.str1.1
                0x08001b54       0x11 /home/peter/gcc-arm-none-eabi-4_9-2015q2/bin/../lib/gcc/arm-none-eabi/4.9.3/../../../../arm-none-eabi/lib/armv7e-m/libc_nano.a(lib_a-nano-vfprintf.o)
 .rodata.str1.1
                0x08001b65       0x22 /home/peter/gcc-arm-none-eabi-4_9-2015q2/bin/../lib/gcc/arm-none-eabi/4.9.3/../../../../arm-none-eabi/lib/armv7e-m/libc_nano.a(lib_a-nano-vfprintf_i.o)
 *(.eh_frame*)
 *fill*         0x08001b87        0x1 
 .eh_frame      0x08001b88        0x0 /home/peter/gcc-arm-none-eabi-4_9-2015q2/bin/../lib/gcc/arm-none-eabi/4.9.3/armv7e-m/crtbegin.o
 .eh_frame      0x08001b88        0x4 /home/peter/gcc-arm-none-eabi-4_9-2015q2/bin/../lib/gcc/arm-none-eabi/4.9.3/armv7e-m/crtend.o

.glue_7         0x08001b8c        0x0
 .glue_7        0x00000000        0x0 linker stubs

.glue_7t        0x08001b8c        0x0
 .glue_7t       0x00000000        0x0 linker stubs

.vfp11_veneer   0x08001b8c        0x0
 .vfp11_veneer  0x00000000        0x0 linker stubs

.v4_bx          0x08001b8c        0x0
 .v4_bx         0x00000000        0x0 linker stubs

.iplt           0x08001b8c        0x0
 .iplt          0x00000000        0x0 /home/peter/gcc-arm-none-eabi-4_9-2015q2/bin/../lib/gcc/arm-none-eabi/4.9.3/armv7e-m/crtbegin.o

.rel.dyn        0x08001b8c        0x0
 .rel.iplt      0x00000000        0x0 /home/peter/gcc-arm-none-eabi-4_9-2015q2/bin/../lib/gcc/arm-none-eabi/4.9.3/armv7e-m/crtbegin.o

.ARM.extab
 *(.ARM.extab* .gnu.linkonce.armextab.*)
                0x08001b8c                __exidx_start = .

.ARM.exidx
 *(.ARM.exidx* .gnu.linkonce.armexidx.*)
                0x08001b8c                __exidx_end = .
                0x08001b8c                __etext = .
                0x08001b8c                _sidata = .

.data           0x20000198       0x74 load address 0x08001b8c
                0x20000198                __data_start__ = .
                0x20000198                _sdata = .
 *(vtable)
 *(.data*)
 .data.SystemCoreClock
                0x20000198        0x4 /tmp/ccn7MRWj.ltrans0.ltrans.o
 .data.impure_data
                0x2000019c       0x60 /home/peter/gcc-arm-none-eabi-4_9-2015q2/bin/../lib/gcc/arm-none-eabi/4.9.3/../../../../arm-none-eabi/lib/armv7e-m/libc_nano.a(lib_a-impure.o)
 .data._impure_ptr
                0x200001fc        0x4 /home/peter/gcc-arm-none-eabi-4_9-2015q2/bin/../lib/gcc/arm-none-eabi/4.9.3/../../../../arm-none-eabi/lib/armv7e-m/libc_nano.a(lib_a-impure.o)
                0x200001fc                _impure_ptr
                0x20000200                . = ALIGN (0x4)
                0x20000200                PROVIDE (__preinit_array_start, .)
 *(.preinit_array)
                0x20000200                PROVIDE (__preinit_array_end, .)
                0x20000200                . = ALIGN (0x4)
                0x20000200                PROVIDE (__init_array_start, .)
 *(SORT(.init_array.*))
 *(.init_array)
 .init_array    0x20000200        0x4 /home/peter/gcc-arm-none-eabi-4_9-2015q2/bin/../lib/gcc/arm-none-eabi/4.9.3/armv7e-m/crtbegin.o
                0x20000204                PROVIDE (__init_array_end, .)
                0x20000204                . = ALIGN (0x4)
                0x20000204                PROVIDE (__fini_array_start, .)
 *(SORT(.fini_array.*))
 *(.fini_array)
 .fini_array    0x20000204        0x4 /home/peter/gcc-arm-none-eabi-4_9-2015q2/bin/../lib/gcc/arm-none-eabi/4.9.3/armv7e-m/crtbegin.o
                0x20000208                PROVIDE (__fini_array_end, .)
 *(.jcr*)
 .jcr           0x20000208        0x0 /home/peter/gcc-arm-none-eabi-4_9-2015q2/bin/../lib/gcc/arm-none-eabi/4.9.3/armv7e-m/crtbegin.o
 .jcr           0x20000208        0x4 /home/peter/gcc-arm-none-eabi-4_9-2015q2/bin/../lib/gcc/arm-none-eabi/4.9.3/armv7e-m/crtend.o
                0x2000020c                . = ALIGN (0x4)
                0x2000020c                __data_end__ = .
                0x2000020c                _edata = .

.igot.plt       0x2000020c        0x0 load address 0x08001c00
 .igot.plt      0x00000000        0x0 /home/peter/gcc-arm-none-eabi-4_9-2015q2/bin/../lib/gcc/arm-none-eabi/4.9.3/armv7e-m/crtbegin.o

.bss            0x2000020c       0x84 load address 0x08001c00
                0x2000020c                . = ALIGN (0x4)
                0x2000020c                __bss_start__ = .
                0x2000020c                _sbss = .
 *(.bss*)
 .bss           0x2000020c       0x1c /home/peter/gcc-arm-none-eabi-4_9-2015q2/bin/../lib/gcc/arm-none-eabi/4.9.3/armv7e-m/crtbegin.o
 .bss           0x20000228       0x58 /tmp/ccn7MRWj.ltrans0.ltrans.o
 .bss.__malloc_sbrk_start
                0x20000280        0x4 /home/peter/gcc-arm-none-eabi-4_9-2015q2/bin/../lib/gcc/arm-none-eabi/4.9.3/../../../../arm-none-eabi/lib/armv7e-m/libc_nano.a(lib_a-nano-mallocr.o)
                0x20000280                __malloc_sbrk_start
 .bss.__malloc_free_list
                0x20000284        0x4 /home/peter/gcc-arm-none-eabi-4_9-2015q2/bin/../lib/gcc/arm-none-eabi/4.9.3/../../../../arm-none-eabi/lib/armv7e-m/libc_nano.a(lib_a-nano-mallocr.o)
                0x20000284                __malloc_free_list
 .bss.heap_end.4079
                0x20000288        0x4 /home/peter/gcc-arm-none-eabi-4_9-2015q2/bin/../lib/gcc/arm-none-eabi/4.9.3/../../../../arm-none-eabi/lib/armv7e-m/libnosys.a(sbrk.o)
 *(COMMON)
 COMMON         0x2000028c        0x4 /home/peter/gcc-arm-none-eabi-4_9-2015q2/bin/../lib/gcc/arm-none-eabi/4.9.3/../../../../arm-none-eabi/lib/armv7e-m/libc_nano.a(lib_a-reent.o)
                0x2000028c                errno
                0x20000290                . = ALIGN (0x4)
                0x20000290                __bss_end__ = .
                0x20000290                _ebss = .

.heap           0x20000290        0x0
                0x20000290                __end__ = .
                0x20000290                end = __end__
 *(.heap*)
                0x20000290                __HeapLimit = .

.stack_dummy    0x20000290        0x0
 *(.stack*)
                0x20020000                __StackTop = (ORIGIN (RAM) + 0x1fe68)
                0x20020000                _estack = __StackTop
                0x20020000                __StackLimit = (__StackTop - SIZEOF (.stack_dummy))
                0x20020000                PROVIDE (__stack, __StackTop)
                0x00000001                ASSERT ((__StackLimit >= __HeapLimit), region RAM overflowed with stack)
OUTPUT(bin/outp.elf elf32-littlearm)

.ARM.attributes
                0x00000000       0x2a
 .ARM.attributes
                0x00000000       0x1e /home/peter/gcc-arm-none-eabi-4_9-2015q2/bin/../lib/gcc/arm-none-eabi/4.9.3/armv7e-m/crti.o
 .ARM.attributes
                0x0000001e       0x2e /home/peter/gcc-arm-none-eabi-4_9-2015q2/bin/../lib/gcc/arm-none-eabi/4.9.3/armv7e-m/crtbegin.o
 .ARM.attributes
                0x0000004c       0x21 ../mbed/libraries/mbed/targets/cmsis/TARGET_STM/TARGET_STM32F4/TARGET_NUCLEO_F411RE/TOOLCHAIN_GCC_ARM/startup_stm32f411xe.o
 .ARM.attributes
                0x0000006d       0x31 /tmp/ccn7MRWj.ltrans0.ltrans.o
 .ARM.attributes
                0x0000009e       0x2e /home/peter/gcc-arm-none-eabi-4_9-2015q2/bin/../lib/gcc/arm-none-eabi/4.9.3/../../../../arm-none-eabi/lib/armv7e-m/libc_nano.a(lib_a-impure.o)
 .ARM.attributes
                0x000000cc       0x2e /home/peter/gcc-arm-none-eabi-4_9-2015q2/bin/../lib/gcc/arm-none-eabi/4.9.3/../../../../arm-none-eabi/lib/armv7e-m/libc_nano.a(lib_a-memset.o)
 .ARM.attributes
                0x000000fa       0x2e /home/peter/gcc-arm-none-eabi-4_9-2015q2/bin/../lib/gcc/arm-none-eabi/4.9.3/../../../../arm-none-eabi/lib/armv7e-m/libc_nano.a(lib_a-printf.o)
 .ARM.attributes
                0x00000128       0x2e /home/peter/gcc-arm-none-eabi-4_9-2015q2/bin/../lib/gcc/arm-none-eabi/4.9.3/../../../../arm-none-eabi/lib/armv7e-m/libc_nano.a(lib_a-findfp.o)
 .ARM.attributes
                0x00000156       0x2e /home/peter/gcc-arm-none-eabi-4_9-2015q2/bin/../lib/gcc/arm-none-eabi/4.9.3/../../../../arm-none-eabi/lib/armv7e-m/libc_nano.a(lib_a-fwalk.o)
 .ARM.attributes
                0x00000184       0x2e /home/peter/gcc-arm-none-eabi-4_9-2015q2/bin/../lib/gcc/arm-none-eabi/4.9.3/../../../../arm-none-eabi/lib/armv7e-m/libc_nano.a(lib_a-nano-mallocr.o)
 .ARM.attributes
                0x000001b2       0x2e /home/peter/gcc-arm-none-eabi-4_9-2015q2/bin/../lib/gcc/arm-none-eabi/4.9.3/../../../../arm-none-eabi/lib/armv7e-m/libc_nano.a(lib_a-nano-vfprintf.o)
 .ARM.attributes
                0x000001e0       0x2e /home/peter/gcc-arm-none-eabi-4_9-2015q2/bin/../lib/gcc/arm-none-eabi/4.9.3/../../../../arm-none-eabi/lib/armv7e-m/libc_nano.a(lib_a-nano-vfprintf_i.o)
 .ARM.attributes
                0x0000020e       0x2e /home/peter/gcc-arm-none-eabi-4_9-2015q2/bin/../lib/gcc/arm-none-eabi/4.9.3/../../../../arm-none-eabi/lib/armv7e-m/libc_nano.a(lib_a-sbrkr.o)
 .ARM.attributes
                0x0000023c       0x2e /home/peter/gcc-arm-none-eabi-4_9-2015q2/bin/../lib/gcc/arm-none-eabi/4.9.3/../../../../arm-none-eabi/lib/armv7e-m/libc_nano.a(lib_a-stdio.o)
 .ARM.attributes
                0x0000026a       0x2e /home/peter/gcc-arm-none-eabi-4_9-2015q2/bin/../lib/gcc/arm-none-eabi/4.9.3/../../../../arm-none-eabi/lib/armv7e-m/libc_nano.a(lib_a-wbuf.o)
 .ARM.attributes
                0x00000298       0x2e /home/peter/gcc-arm-none-eabi-4_9-2015q2/bin/../lib/gcc/arm-none-eabi/4.9.3/../../../../arm-none-eabi/lib/armv7e-m/libc_nano.a(lib_a-writer.o)
 .ARM.attributes
                0x000002c6       0x2e /home/peter/gcc-arm-none-eabi-4_9-2015q2/bin/../lib/gcc/arm-none-eabi/4.9.3/../../../../arm-none-eabi/lib/armv7e-m/libc_nano.a(lib_a-wsetup.o)
 .ARM.attributes
                0x000002f4       0x2e /home/peter/gcc-arm-none-eabi-4_9-2015q2/bin/../lib/gcc/arm-none-eabi/4.9.3/../../../../arm-none-eabi/lib/armv7e-m/libc_nano.a(lib_a-closer.o)
 .ARM.attributes
                0x00000322       0x2e /home/peter/gcc-arm-none-eabi-4_9-2015q2/bin/../lib/gcc/arm-none-eabi/4.9.3/../../../../arm-none-eabi/lib/armv7e-m/libc_nano.a(lib_a-fflush.o)
 .ARM.attributes
                0x00000350       0x2e /home/peter/gcc-arm-none-eabi-4_9-2015q2/bin/../lib/gcc/arm-none-eabi/4.9.3/../../../../arm-none-eabi/lib/armv7e-m/libc_nano.a(lib_a-lseekr.o)
 .ARM.attributes
                0x0000037e       0x2e /home/peter/gcc-arm-none-eabi-4_9-2015q2/bin/../lib/gcc/arm-none-eabi/4.9.3/../../../../arm-none-eabi/lib/armv7e-m/libc_nano.a(lib_a-makebuf.o)
 .ARM.attributes
                0x000003ac       0x2e /home/peter/gcc-arm-none-eabi-4_9-2015q2/bin/../lib/gcc/arm-none-eabi/4.9.3/../../../../arm-none-eabi/lib/armv7e-m/libc_nano.a(lib_a-memchr.o)
 .ARM.attributes
                0x000003da       0x2e /home/peter/gcc-arm-none-eabi-4_9-2015q2/bin/../lib/gcc/arm-none-eabi/4.9.3/../../../../arm-none-eabi/lib/armv7e-m/libc_nano.a(lib_a-nano-freer.o)
 .ARM.attributes
                0x00000408       0x2e /home/peter/gcc-arm-none-eabi-4_9-2015q2/bin/../lib/gcc/arm-none-eabi/4.9.3/../../../../arm-none-eabi/lib/armv7e-m/libc_nano.a(lib_a-readr.o)
 .ARM.attributes
                0x00000436       0x2e /home/peter/gcc-arm-none-eabi-4_9-2015q2/bin/../lib/gcc/arm-none-eabi/4.9.3/../../../../arm-none-eabi/lib/armv7e-m/libc_nano.a(lib_a-reent.o)
 .ARM.attributes
                0x00000464       0x2e /home/peter/gcc-arm-none-eabi-4_9-2015q2/bin/../lib/gcc/arm-none-eabi/4.9.3/../../../../arm-none-eabi/lib/armv7e-m/libc_nano.a(lib_a-fstatr.o)
 .ARM.attributes
                0x00000492       0x2e /home/peter/gcc-arm-none-eabi-4_9-2015q2/bin/../lib/gcc/arm-none-eabi/4.9.3/../../../../arm-none-eabi/lib/armv7e-m/libc_nano.a(lib_a-isattyr.o)
 .ARM.attributes
                0x000004c0       0x2e /home/peter/gcc-arm-none-eabi-4_9-2015q2/bin/../lib/gcc/arm-none-eabi/4.9.3/../../../../arm-none-eabi/lib/armv7e-m/libnosys.a(close.o)
 .ARM.attributes
                0x000004ee       0x2e /home/peter/gcc-arm-none-eabi-4_9-2015q2/bin/../lib/gcc/arm-none-eabi/4.9.3/../../../../arm-none-eabi/lib/armv7e-m/libnosys.a(fstat.o)
 .ARM.attributes
                0x0000051c       0x2e /home/peter/gcc-arm-none-eabi-4_9-2015q2/bin/../lib/gcc/arm-none-eabi/4.9.3/../../../../arm-none-eabi/lib/armv7e-m/libnosys.a(isatty.o)
 .ARM.attributes
                0x0000054a       0x2e /home/peter/gcc-arm-none-eabi-4_9-2015q2/bin/../lib/gcc/arm-none-eabi/4.9.3/../../../../arm-none-eabi/lib/armv7e-m/libnosys.a(lseek.o)
 .ARM.attributes
                0x00000578       0x2e /home/peter/gcc-arm-none-eabi-4_9-2015q2/bin/../lib/gcc/arm-none-eabi/4.9.3/../../../../arm-none-eabi/lib/armv7e-m/libnosys.a(read.o)
 .ARM.attributes
                0x000005a6       0x2e /home/peter/gcc-arm-none-eabi-4_9-2015q2/bin/../lib/gcc/arm-none-eabi/4.9.3/../../../../arm-none-eabi/lib/armv7e-m/libnosys.a(sbrk.o)
 .ARM.attributes
                0x000005d4       0x2e /home/peter/gcc-arm-none-eabi-4_9-2015q2/bin/../lib/gcc/arm-none-eabi/4.9.3/armv7e-m/crtend.o
 .ARM.attributes
                0x00000602       0x1e /home/peter/gcc-arm-none-eabi-4_9-2015q2/bin/../lib/gcc/arm-none-eabi/4.9.3/armv7e-m/crtn.o

.comment        0x00000000       0x70
 .comment       0x00000000       0x70 /tmp/ccn7MRWj.ltrans0.ltrans.o
                                 0x71 (size before relaxing)

.debug_frame    0x00000000      0x770
 .debug_frame   0x00000000       0x20 /home/peter/gcc-arm-none-eabi-4_9-2015q2/bin/../lib/gcc/arm-none-eabi/4.9.3/../../../../arm-none-eabi/lib/armv7e-m/libc_nano.a(lib_a-memset.o)
 .debug_frame   0x00000020       0x74 /home/peter/gcc-arm-none-eabi-4_9-2015q2/bin/../lib/gcc/arm-none-eabi/4.9.3/../../../../arm-none-eabi/lib/armv7e-m/libc_nano.a(lib_a-printf.o)
 .debug_frame   0x00000094      0x11c /home/peter/gcc-arm-none-eabi-4_9-2015q2/bin/../lib/gcc/arm-none-eabi/4.9.3/../../../../arm-none-eabi/lib/armv7e-m/libc_nano.a(lib_a-findfp.o)
 .debug_frame   0x000001b0       0x54 /home/peter/gcc-arm-none-eabi-4_9-2015q2/bin/../lib/gcc/arm-none-eabi/4.9.3/../../../../arm-none-eabi/lib/armv7e-m/libc_nano.a(lib_a-fwalk.o)
 .debug_frame   0x00000204       0x2c /home/peter/gcc-arm-none-eabi-4_9-2015q2/bin/../lib/gcc/arm-none-eabi/4.9.3/../../../../arm-none-eabi/lib/armv7e-m/libc_nano.a(lib_a-nano-mallocr.o)
 .debug_frame   0x00000230       0xb8 /home/peter/gcc-arm-none-eabi-4_9-2015q2/bin/../lib/gcc/arm-none-eabi/4.9.3/../../../../arm-none-eabi/lib/armv7e-m/libc_nano.a(lib_a-nano-vfprintf.o)
 .debug_frame   0x000002e8       0x58 /home/peter/gcc-arm-none-eabi-4_9-2015q2/bin/../lib/gcc/arm-none-eabi/4.9.3/../../../../arm-none-eabi/lib/armv7e-m/libc_nano.a(lib_a-nano-vfprintf_i.o)
 .debug_frame   0x00000340       0x2c /home/peter/gcc-arm-none-eabi-4_9-2015q2/bin/../lib/gcc/arm-none-eabi/4.9.3/../../../../arm-none-eabi/lib/armv7e-m/libc_nano.a(lib_a-sbrkr.o)
 .debug_frame   0x0000036c       0x88 /home/peter/gcc-arm-none-eabi-4_9-2015q2/bin/../lib/gcc/arm-none-eabi/4.9.3/../../../../arm-none-eabi/lib/armv7e-m/libc_nano.a(lib_a-stdio.o)
 .debug_frame   0x000003f4       0x3c /home/peter/gcc-arm-none-eabi-4_9-2015q2/bin/../lib/gcc/arm-none-eabi/4.9.3/../../../../arm-none-eabi/lib/armv7e-m/libc_nano.a(lib_a-wbuf.o)
 .debug_frame   0x00000430       0x2c /home/peter/gcc-arm-none-eabi-4_9-2015q2/bin/../lib/gcc/arm-none-eabi/4.9.3/../../../../arm-none-eabi/lib/armv7e-m/libc_nano.a(lib_a-writer.o)
 .debug_frame   0x0000045c       0x2c /home/peter/gcc-arm-none-eabi-4_9-2015q2/bin/../lib/gcc/arm-none-eabi/4.9.3/../../../../arm-none-eabi/lib/armv7e-m/libc_nano.a(lib_a-wsetup.o)
 .debug_frame   0x00000488       0x2c /home/peter/gcc-arm-none-eabi-4_9-2015q2/bin/../lib/gcc/arm-none-eabi/4.9.3/../../../../arm-none-eabi/lib/armv7e-m/libc_nano.a(lib_a-closer.o)
 .debug_frame   0x000004b4       0x68 /home/peter/gcc-arm-none-eabi-4_9-2015q2/bin/../lib/gcc/arm-none-eabi/4.9.3/../../../../arm-none-eabi/lib/armv7e-m/libc_nano.a(lib_a-fflush.o)
 .debug_frame   0x0000051c       0x2c /home/peter/gcc-arm-none-eabi-4_9-2015q2/bin/../lib/gcc/arm-none-eabi/4.9.3/../../../../arm-none-eabi/lib/armv7e-m/libc_nano.a(lib_a-lseekr.o)
 .debug_frame   0x00000548       0x34 /home/peter/gcc-arm-none-eabi-4_9-2015q2/bin/../lib/gcc/arm-none-eabi/4.9.3/../../../../arm-none-eabi/lib/armv7e-m/libc_nano.a(lib_a-makebuf.o)
 .debug_frame   0x0000057c       0x28 /home/peter/gcc-arm-none-eabi-4_9-2015q2/bin/../lib/gcc/arm-none-eabi/4.9.3/../../../../arm-none-eabi/lib/armv7e-m/libc_nano.a(lib_a-memchr.o)
 .debug_frame   0x000005a4       0x2c /home/peter/gcc-arm-none-eabi-4_9-2015q2/bin/../lib/gcc/arm-none-eabi/4.9.3/../../../../arm-none-eabi/lib/armv7e-m/libc_nano.a(lib_a-nano-freer.o)
 .debug_frame   0x000005d0       0x2c /home/peter/gcc-arm-none-eabi-4_9-2015q2/bin/../lib/gcc/arm-none-eabi/4.9.3/../../../../arm-none-eabi/lib/armv7e-m/libc_nano.a(lib_a-readr.o)
 .debug_frame   0x000005fc       0x5c /home/peter/gcc-arm-none-eabi-4_9-2015q2/bin/../lib/gcc/arm-none-eabi/4.9.3/../../../../arm-none-eabi/lib/armv7e-m/libc_nano.a(lib_a-reent.o)
 .debug_frame   0x00000658       0x2c /home/peter/gcc-arm-none-eabi-4_9-2015q2/bin/../lib/gcc/arm-none-eabi/4.9.3/../../../../arm-none-eabi/lib/armv7e-m/libc_nano.a(lib_a-fstatr.o)
 .debug_frame   0x00000684       0x2c /home/peter/gcc-arm-none-eabi-4_9-2015q2/bin/../lib/gcc/arm-none-eabi/4.9.3/../../../../arm-none-eabi/lib/armv7e-m/libc_nano.a(lib_a-isattyr.o)
 .debug_frame   0x000006b0       0x20 /home/peter/gcc-arm-none-eabi-4_9-2015q2/bin/../lib/gcc/arm-none-eabi/4.9.3/../../../../arm-none-eabi/lib/armv7e-m/libnosys.a(close.o)
 .debug_frame   0x000006d0       0x20 /home/peter/gcc-arm-none-eabi-4_9-2015q2/bin/../lib/gcc/arm-none-eabi/4.9.3/../../../../arm-none-eabi/lib/armv7e-m/libnosys.a(fstat.o)
 .debug_frame   0x000006f0       0x20 /home/peter/gcc-arm-none-eabi-4_9-2015q2/bin/../lib/gcc/arm-none-eabi/4.9.3/../../../../arm-none-eabi/lib/armv7e-m/libnosys.a(isatty.o)
 .debug_frame   0x00000710       0x20 /home/peter/gcc-arm-none-eabi-4_9-2015q2/bin/../lib/gcc/arm-none-eabi/4.9.3/../../../../arm-none-eabi/lib/armv7e-m/libnosys.a(lseek.o)
 .debug_frame   0x00000730       0x20 /home/peter/gcc-arm-none-eabi-4_9-2015q2/bin/../lib/gcc/arm-none-eabi/4.9.3/../../../../arm-none-eabi/lib/armv7e-m/libnosys.a(read.o)
 .debug_frame   0x00000750       0x20 /home/peter/gcc-arm-none-eabi-4_9-2015q2/bin/../lib/gcc/arm-none-eabi/4.9.3/../../../../arm-none-eabi/lib/armv7e-m/libnosys.a(sbrk.o)

.stab           0x00000000       0x84
 .stab          0x00000000       0x24 /home/peter/gcc-arm-none-eabi-4_9-2015q2/bin/../lib/gcc/arm-none-eabi/4.9.3/../../../../arm-none-eabi/lib/armv7e-m/libnosys.a(close.o)
 .stab          0x00000024       0x18 /home/peter/gcc-arm-none-eabi-4_9-2015q2/bin/../lib/gcc/arm-none-eabi/4.9.3/../../../../arm-none-eabi/lib/armv7e-m/libnosys.a(fstat.o)
                                 0x24 (size before relaxing)
 .stab          0x0000003c       0x18 /home/peter/gcc-arm-none-eabi-4_9-2015q2/bin/../lib/gcc/arm-none-eabi/4.9.3/../../../../arm-none-eabi/lib/armv7e-m/libnosys.a(isatty.o)
                                 0x24 (size before relaxing)
 .stab          0x00000054       0x18 /home/peter/gcc-arm-none-eabi-4_9-2015q2/bin/../lib/gcc/arm-none-eabi/4.9.3/../../../../arm-none-eabi/lib/armv7e-m/libnosys.a(lseek.o)
                                 0x24 (size before relaxing)
 .stab          0x0000006c       0x18 /home/peter/gcc-arm-none-eabi-4_9-2015q2/bin/../lib/gcc/arm-none-eabi/4.9.3/../../../../arm-none-eabi/lib/armv7e-m/libnosys.a(read.o)
                                 0x24 (size before relaxing)

.stabstr        0x00000000      0x117
 .stabstr       0x00000000      0x117 /home/peter/gcc-arm-none-eabi-4_9-2015q2/bin/../lib/gcc/arm-none-eabi/4.9.3/../../../../arm-none-eabi/lib/armv7e-m/libnosys.a(close.o)
